[2024-12-22 03:28:04] local.ERROR: Class "App\Http\Controllers\Stripe" not found {"exception":"[object] (Error(code: 0): Class \"App\\Http\\Controllers\\Stripe\" not found at C:\\Users\\EMMANUEL\\progweb\\ModeMakers\\modelmakers\\app\\Http\\Controllers\\StripeController.php:15)
[stacktrace]
#0 C:\\Users\\EMMANUEL\\progweb\\ModeMakers\\modelmakers\\vendor\\laravel\\framework\\src\\Illuminate\\Routing\\ControllerDispatcher.php(47): App\\Http\\Controllers\\StripeController->processPayment(Object(Illuminate\\Http\\Request))
#1 C:\\Users\\EMMANUEL\\progweb\\ModeMakers\\modelmakers\\vendor\\laravel\\framework\\src\\Illuminate\\Routing\\Route.php(266): Illuminate\\Routing\\ControllerDispatcher->dispatch(Object(Illuminate\\Routing\\Route), Object(App\\Http\\Controllers\\StripeController), 'processPayment')
#2 C:\\Users\\EMMANUEL\\progweb\\ModeMakers\\modelmakers\\vendor\\laravel\\framework\\src\\Illuminate\\Routing\\Route.php(212): Illuminate\\Routing\\Route->runController()
#3 C:\\Users\\EMMANUEL\\progweb\\ModeMakers\\modelmakers\\vendor\\laravel\\framework\\src\\Illuminate\\Routing\\Router.php(808): Illuminate\\Routing\\Route->run()
#4 C:\\Users\\EMMANUEL\\progweb\\ModeMakers\\modelmakers\\vendor\\laravel\\framework\\src\\Illuminate\\Pipeline\\Pipeline.php(144): Illuminate\\Routing\\Router->Illuminate\\Routing\\{closure}(Object(Illuminate\\Http\\Request))
#5 C:\\Users\\EMMANUEL\\progweb\\ModeMakers\\modelmakers\\vendor\\laravel\\framework\\src\\Illuminate\\Routing\\Middleware\\SubstituteBindings.php(51): Illuminate\\Pipeline\\Pipeline->Illuminate\\Pipeline\\{closure}(Object(Illuminate\\Http\\Request))
#6 C:\\Users\\EMMANUEL\\progweb\\ModeMakers\\modelmakers\\vendor\\laravel\\framework\\src\\Illuminate\\Pipeline\\Pipeline.php(183): Illuminate\\Routing\\Middleware\\SubstituteBindings->handle(Object(Illuminate\\Http\\Request), Object(Closure))
#7 C:\\Users\\EMMANUEL\\progweb\\ModeMakers\\modelmakers\\vendor\\laravel\\framework\\src\\Illuminate\\Foundation\\Http\\Middleware\\VerifyCsrfToken.php(88): Illuminate\\Pipeline\\Pipeline->Illuminate\\Pipeline\\{closure}(Object(Illuminate\\Http\\Request))
#8 C:\\Users\\EMMANUEL\\progweb\\ModeMakers\\modelmakers\\vendor\\laravel\\framework\\src\\Illuminate\\Pipeline\\Pipeline.php(183): Illuminate\\Foundation\\Http\\Middleware\\VerifyCsrfToken->handle(Object(Illuminate\\Http\\Request), Object(Closure))
#9 C:\\Users\\EMMANUEL\\progweb\\ModeMakers\\modelmakers\\vendor\\laravel\\framework\\src\\Illuminate\\View\\Middleware\\ShareErrorsFromSession.php(49): Illuminate\\Pipeline\\Pipeline->Illuminate\\Pipeline\\{closure}(Object(Illuminate\\Http\\Request))
#10 C:\\Users\\EMMANUEL\\progweb\\ModeMakers\\modelmakers\\vendor\\laravel\\framework\\src\\Illuminate\\Pipeline\\Pipeline.php(183): Illuminate\\View\\Middleware\\ShareErrorsFromSession->handle(Object(Illuminate\\Http\\Request), Object(Closure))
#11 C:\\Users\\EMMANUEL\\progweb\\ModeMakers\\modelmakers\\vendor\\laravel\\framework\\src\\Illuminate\\Session\\Middleware\\StartSession.php(121): Illuminate\\Pipeline\\Pipeline->Illuminate\\Pipeline\\{closure}(Object(Illuminate\\Http\\Request))
#12 C:\\Users\\EMMANUEL\\progweb\\ModeMakers\\modelmakers\\vendor\\laravel\\framework\\src\\Illuminate\\Session\\Middleware\\StartSession.php(64): Illuminate\\Session\\Middleware\\StartSession->handleStatefulRequest(Object(Illuminate\\Http\\Request), Object(Illuminate\\Session\\Store), Object(Closure))
#13 C:\\Users\\EMMANUEL\\progweb\\ModeMakers\\modelmakers\\vendor\\laravel\\framework\\src\\Illuminate\\Pipeline\\Pipeline.php(183): Illuminate\\Session\\Middleware\\StartSession->handle(Object(Illuminate\\Http\\Request), Object(Closure))
#14 C:\\Users\\EMMANUEL\\progweb\\ModeMakers\\modelmakers\\vendor\\laravel\\framework\\src\\Illuminate\\Cookie\\Middleware\\AddQueuedCookiesToResponse.php(37): Illuminate\\Pipeline\\Pipeline->Illuminate\\Pipeline\\{closure}(Object(Illuminate\\Http\\Request))
#15 C:\\Users\\EMMANUEL\\progweb\\ModeMakers\\modelmakers\\vendor\\laravel\\framework\\src\\Illuminate\\Pipeline\\Pipeline.php(183): Illuminate\\Cookie\\Middleware\\AddQueuedCookiesToResponse->handle(Object(Illuminate\\Http\\Request), Object(Closure))
#16 C:\\Users\\EMMANUEL\\progweb\\ModeMakers\\modelmakers\\vendor\\laravel\\framework\\src\\Illuminate\\Cookie\\Middleware\\EncryptCookies.php(75): Illuminate\\Pipeline\\Pipeline->Illuminate\\Pipeline\\{closure}(Object(Illuminate\\Http\\Request))
#17 C:\\Users\\EMMANUEL\\progweb\\ModeMakers\\modelmakers\\vendor\\laravel\\framework\\src\\Illuminate\\Pipeline\\Pipeline.php(183): Illuminate\\Cookie\\Middleware\\EncryptCookies->handle(Object(Illuminate\\Http\\Request), Object(Closure))
#18 C:\\Users\\EMMANUEL\\progweb\\ModeMakers\\modelmakers\\vendor\\laravel\\framework\\src\\Illuminate\\Pipeline\\Pipeline.php(119): Illuminate\\Pipeline\\Pipeline->Illuminate\\Pipeline\\{closure}(Object(Illuminate\\Http\\Request))
#19 C:\\Users\\EMMANUEL\\progweb\\ModeMakers\\modelmakers\\vendor\\laravel\\framework\\src\\Illuminate\\Routing\\Router.php(807): Illuminate\\Pipeline\\Pipeline->then(Object(Closure))
#20 C:\\Users\\EMMANUEL\\progweb\\ModeMakers\\modelmakers\\vendor\\laravel\\framework\\src\\Illuminate\\Routing\\Router.php(786): Illuminate\\Routing\\Router->runRouteWithinStack(Object(Illuminate\\Routing\\Route), Object(Illuminate\\Http\\Request))
#21 C:\\Users\\EMMANUEL\\progweb\\ModeMakers\\modelmakers\\vendor\\laravel\\framework\\src\\Illuminate\\Routing\\Router.php(750): Illuminate\\Routing\\Router->runRoute(Object(Illuminate\\Http\\Request), Object(Illuminate\\Routing\\Route))
#22 C:\\Users\\EMMANUEL\\progweb\\ModeMakers\\modelmakers\\vendor\\laravel\\framework\\src\\Illuminate\\Routing\\Router.php(739): Illuminate\\Routing\\Router->dispatchToRoute(Object(Illuminate\\Http\\Request))
#23 C:\\Users\\EMMANUEL\\progweb\\ModeMakers\\modelmakers\\vendor\\laravel\\framework\\src\\Illuminate\\Foundation\\Http\\Kernel.php(201): Illuminate\\Routing\\Router->dispatch(Object(Illuminate\\Http\\Request))
#24 C:\\Users\\EMMANUEL\\progweb\\ModeMakers\\modelmakers\\vendor\\laravel\\framework\\src\\Illuminate\\Pipeline\\Pipeline.php(144): Illuminate\\Foundation\\Http\\Kernel->Illuminate\\Foundation\\Http\\{closure}(Object(Illuminate\\Http\\Request))
#25 C:\\Users\\EMMANUEL\\progweb\\ModeMakers\\modelmakers\\vendor\\laravel\\framework\\src\\Illuminate\\Foundation\\Http\\Middleware\\TransformsRequest.php(21): Illuminate\\Pipeline\\Pipeline->Illuminate\\Pipeline\\{closure}(Object(Illuminate\\Http\\Request))
#26 C:\\Users\\EMMANUEL\\progweb\\ModeMakers\\modelmakers\\vendor\\laravel\\framework\\src\\Illuminate\\Foundation\\Http\\Middleware\\ConvertEmptyStringsToNull.php(31): Illuminate\\Foundation\\Http\\Middleware\\TransformsRequest->handle(Object(Illuminate\\Http\\Request), Object(Closure))
#27 C:\\Users\\EMMANUEL\\progweb\\ModeMakers\\modelmakers\\vendor\\laravel\\framework\\src\\Illuminate\\Pipeline\\Pipeline.php(183): Illuminate\\Foundation\\Http\\Middleware\\ConvertEmptyStringsToNull->handle(Object(Illuminate\\Http\\Request), Object(Closure))
#28 C:\\Users\\EMMANUEL\\progweb\\ModeMakers\\modelmakers\\vendor\\laravel\\framework\\src\\Illuminate\\Foundation\\Http\\Middleware\\TransformsRequest.php(21): Illuminate\\Pipeline\\Pipeline->Illuminate\\Pipeline\\{closure}(Object(Illuminate\\Http\\Request))
#29 C:\\Users\\EMMANUEL\\progweb\\ModeMakers\\modelmakers\\vendor\\laravel\\framework\\src\\Illuminate\\Foundation\\Http\\Middleware\\TrimStrings.php(51): Illuminate\\Foundation\\Http\\Middleware\\TransformsRequest->handle(Object(Illuminate\\Http\\Request), Object(Closure))
#30 C:\\Users\\EMMANUEL\\progweb\\ModeMakers\\modelmakers\\vendor\\laravel\\framework\\src\\Illuminate\\Pipeline\\Pipeline.php(183): Illuminate\\Foundation\\Http\\Middleware\\TrimStrings->handle(Object(Illuminate\\Http\\Request), Object(Closure))
#31 C:\\Users\\EMMANUEL\\progweb\\ModeMakers\\modelmakers\\vendor\\laravel\\framework\\src\\Illuminate\\Http\\Middleware\\ValidatePostSize.php(27): Illuminate\\Pipeline\\Pipeline->Illuminate\\Pipeline\\{closure}(Object(Illuminate\\Http\\Request))
#32 C:\\Users\\EMMANUEL\\progweb\\ModeMakers\\modelmakers\\vendor\\laravel\\framework\\src\\Illuminate\\Pipeline\\Pipeline.php(183): Illuminate\\Http\\Middleware\\ValidatePostSize->handle(Object(Illuminate\\Http\\Request), Object(Closure))
#33 C:\\Users\\EMMANUEL\\progweb\\ModeMakers\\modelmakers\\vendor\\laravel\\framework\\src\\Illuminate\\Foundation\\Http\\Middleware\\PreventRequestsDuringMaintenance.php(110): Illuminate\\Pipeline\\Pipeline->Illuminate\\Pipeline\\{closure}(Object(Illuminate\\Http\\Request))
#34 C:\\Users\\EMMANUEL\\progweb\\ModeMakers\\modelmakers\\vendor\\laravel\\framework\\src\\Illuminate\\Pipeline\\Pipeline.php(183): Illuminate\\Foundation\\Http\\Middleware\\PreventRequestsDuringMaintenance->handle(Object(Illuminate\\Http\\Request), Object(Closure))
#35 C:\\Users\\EMMANUEL\\progweb\\ModeMakers\\modelmakers\\vendor\\laravel\\framework\\src\\Illuminate\\Http\\Middleware\\HandleCors.php(49): Illuminate\\Pipeline\\Pipeline->Illuminate\\Pipeline\\{closure}(Object(Illuminate\\Http\\Request))
#36 C:\\Users\\EMMANUEL\\progweb\\ModeMakers\\modelmakers\\vendor\\laravel\\framework\\src\\Illuminate\\Pipeline\\Pipeline.php(183): Illuminate\\Http\\Middleware\\HandleCors->handle(Object(Illuminate\\Http\\Request), Object(Closure))
#37 C:\\Users\\EMMANUEL\\progweb\\ModeMakers\\modelmakers\\vendor\\laravel\\framework\\src\\Illuminate\\Http\\Middleware\\TrustProxies.php(58): Illuminate\\Pipeline\\Pipeline->Illuminate\\Pipeline\\{closure}(Object(Illuminate\\Http\\Request))
#38 C:\\Users\\EMMANUEL\\progweb\\ModeMakers\\modelmakers\\vendor\\laravel\\framework\\src\\Illuminate\\Pipeline\\Pipeline.php(183): Illuminate\\Http\\Middleware\\TrustProxies->handle(Object(Illuminate\\Http\\Request), Object(Closure))
#39 C:\\Users\\EMMANUEL\\progweb\\ModeMakers\\modelmakers\\vendor\\laravel\\framework\\src\\Illuminate\\Foundation\\Http\\Middleware\\InvokeDeferredCallbacks.php(22): Illuminate\\Pipeline\\Pipeline->Illuminate\\Pipeline\\{closure}(Object(Illuminate\\Http\\Request))
#40 C:\\Users\\EMMANUEL\\progweb\\ModeMakers\\modelmakers\\vendor\\laravel\\framework\\src\\Illuminate\\Pipeline\\Pipeline.php(183): Illuminate\\Foundation\\Http\\Middleware\\InvokeDeferredCallbacks->handle(Object(Illuminate\\Http\\Request), Object(Closure))
#41 C:\\Users\\EMMANUEL\\progweb\\ModeMakers\\modelmakers\\vendor\\laravel\\framework\\src\\Illuminate\\Pipeline\\Pipeline.php(119): Illuminate\\Pipeline\\Pipeline->Illuminate\\Pipeline\\{closure}(Object(Illuminate\\Http\\Request))
#42 C:\\Users\\EMMANUEL\\progweb\\ModeMakers\\modelmakers\\vendor\\laravel\\framework\\src\\Illuminate\\Foundation\\Http\\Kernel.php(176): Illuminate\\Pipeline\\Pipeline->then(Object(Closure))
#43 C:\\Users\\EMMANUEL\\progweb\\ModeMakers\\modelmakers\\vendor\\laravel\\framework\\src\\Illuminate\\Foundation\\Http\\Kernel.php(145): Illuminate\\Foundation\\Http\\Kernel->sendRequestThroughRouter(Object(Illuminate\\Http\\Request))
#44 C:\\Users\\EMMANUEL\\progweb\\ModeMakers\\modelmakers\\vendor\\laravel\\framework\\src\\Illuminate\\Foundation\\Application.php(1190): Illuminate\\Foundation\\Http\\Kernel->handle(Object(Illuminate\\Http\\Request))
#45 C:\\Users\\EMMANUEL\\progweb\\ModeMakers\\modelmakers\\public\\index.php(17): Illuminate\\Foundation\\Application->handleRequest(Object(Illuminate\\Http\\Request))
#46 C:\\Users\\EMMANUEL\\progweb\\ModeMakers\\modelmakers\\vendor\\laravel\\framework\\src\\Illuminate\\Foundation\\resources\\server.php(23): require_once('C:\\\\Users\\\\EMMANU...')
#47 {main}
"} 
[2024-12-22 03:30:53] local.ERROR: Class "App\Http\Controllers\PaymentIntent" not found {"exception":"[object] (Error(code: 0): Class \"App\\Http\\Controllers\\PaymentIntent\" not found at C:\\Users\\EMMANUEL\\progweb\\ModeMakers\\modelmakers\\app\\Http\\Controllers\\StripeController.php:26)
[stacktrace]
#0 C:\\Users\\EMMANUEL\\progweb\\ModeMakers\\modelmakers\\vendor\\laravel\\framework\\src\\Illuminate\\Routing\\ControllerDispatcher.php(47): App\\Http\\Controllers\\StripeController->processPayment(Object(Illuminate\\Http\\Request))
#1 C:\\Users\\EMMANUEL\\progweb\\ModeMakers\\modelmakers\\vendor\\laravel\\framework\\src\\Illuminate\\Routing\\Route.php(266): Illuminate\\Routing\\ControllerDispatcher->dispatch(Object(Illuminate\\Routing\\Route), Object(App\\Http\\Controllers\\StripeController), 'processPayment')
#2 C:\\Users\\EMMANUEL\\progweb\\ModeMakers\\modelmakers\\vendor\\laravel\\framework\\src\\Illuminate\\Routing\\Route.php(212): Illuminate\\Routing\\Route->runController()
#3 C:\\Users\\EMMANUEL\\progweb\\ModeMakers\\modelmakers\\vendor\\laravel\\framework\\src\\Illuminate\\Routing\\Router.php(808): Illuminate\\Routing\\Route->run()
#4 C:\\Users\\EMMANUEL\\progweb\\ModeMakers\\modelmakers\\vendor\\laravel\\framework\\src\\Illuminate\\Pipeline\\Pipeline.php(144): Illuminate\\Routing\\Router->Illuminate\\Routing\\{closure}(Object(Illuminate\\Http\\Request))
#5 C:\\Users\\EMMANUEL\\progweb\\ModeMakers\\modelmakers\\vendor\\laravel\\framework\\src\\Illuminate\\Routing\\Middleware\\SubstituteBindings.php(51): Illuminate\\Pipeline\\Pipeline->Illuminate\\Pipeline\\{closure}(Object(Illuminate\\Http\\Request))
#6 C:\\Users\\EMMANUEL\\progweb\\ModeMakers\\modelmakers\\vendor\\laravel\\framework\\src\\Illuminate\\Pipeline\\Pipeline.php(183): Illuminate\\Routing\\Middleware\\SubstituteBindings->handle(Object(Illuminate\\Http\\Request), Object(Closure))
#7 C:\\Users\\EMMANUEL\\progweb\\ModeMakers\\modelmakers\\vendor\\laravel\\framework\\src\\Illuminate\\Foundation\\Http\\Middleware\\VerifyCsrfToken.php(88): Illuminate\\Pipeline\\Pipeline->Illuminate\\Pipeline\\{closure}(Object(Illuminate\\Http\\Request))
#8 C:\\Users\\EMMANUEL\\progweb\\ModeMakers\\modelmakers\\vendor\\laravel\\framework\\src\\Illuminate\\Pipeline\\Pipeline.php(183): Illuminate\\Foundation\\Http\\Middleware\\VerifyCsrfToken->handle(Object(Illuminate\\Http\\Request), Object(Closure))
#9 C:\\Users\\EMMANUEL\\progweb\\ModeMakers\\modelmakers\\vendor\\laravel\\framework\\src\\Illuminate\\View\\Middleware\\ShareErrorsFromSession.php(49): Illuminate\\Pipeline\\Pipeline->Illuminate\\Pipeline\\{closure}(Object(Illuminate\\Http\\Request))
#10 C:\\Users\\EMMANUEL\\progweb\\ModeMakers\\modelmakers\\vendor\\laravel\\framework\\src\\Illuminate\\Pipeline\\Pipeline.php(183): Illuminate\\View\\Middleware\\ShareErrorsFromSession->handle(Object(Illuminate\\Http\\Request), Object(Closure))
#11 C:\\Users\\EMMANUEL\\progweb\\ModeMakers\\modelmakers\\vendor\\laravel\\framework\\src\\Illuminate\\Session\\Middleware\\StartSession.php(121): Illuminate\\Pipeline\\Pipeline->Illuminate\\Pipeline\\{closure}(Object(Illuminate\\Http\\Request))
#12 C:\\Users\\EMMANUEL\\progweb\\ModeMakers\\modelmakers\\vendor\\laravel\\framework\\src\\Illuminate\\Session\\Middleware\\StartSession.php(64): Illuminate\\Session\\Middleware\\StartSession->handleStatefulRequest(Object(Illuminate\\Http\\Request), Object(Illuminate\\Session\\Store), Object(Closure))
#13 C:\\Users\\EMMANUEL\\progweb\\ModeMakers\\modelmakers\\vendor\\laravel\\framework\\src\\Illuminate\\Pipeline\\Pipeline.php(183): Illuminate\\Session\\Middleware\\StartSession->handle(Object(Illuminate\\Http\\Request), Object(Closure))
#14 C:\\Users\\EMMANUEL\\progweb\\ModeMakers\\modelmakers\\vendor\\laravel\\framework\\src\\Illuminate\\Cookie\\Middleware\\AddQueuedCookiesToResponse.php(37): Illuminate\\Pipeline\\Pipeline->Illuminate\\Pipeline\\{closure}(Object(Illuminate\\Http\\Request))
#15 C:\\Users\\EMMANUEL\\progweb\\ModeMakers\\modelmakers\\vendor\\laravel\\framework\\src\\Illuminate\\Pipeline\\Pipeline.php(183): Illuminate\\Cookie\\Middleware\\AddQueuedCookiesToResponse->handle(Object(Illuminate\\Http\\Request), Object(Closure))
#16 C:\\Users\\EMMANUEL\\progweb\\ModeMakers\\modelmakers\\vendor\\laravel\\framework\\src\\Illuminate\\Cookie\\Middleware\\EncryptCookies.php(75): Illuminate\\Pipeline\\Pipeline->Illuminate\\Pipeline\\{closure}(Object(Illuminate\\Http\\Request))
#17 C:\\Users\\EMMANUEL\\progweb\\ModeMakers\\modelmakers\\vendor\\laravel\\framework\\src\\Illuminate\\Pipeline\\Pipeline.php(183): Illuminate\\Cookie\\Middleware\\EncryptCookies->handle(Object(Illuminate\\Http\\Request), Object(Closure))
#18 C:\\Users\\EMMANUEL\\progweb\\ModeMakers\\modelmakers\\vendor\\laravel\\framework\\src\\Illuminate\\Pipeline\\Pipeline.php(119): Illuminate\\Pipeline\\Pipeline->Illuminate\\Pipeline\\{closure}(Object(Illuminate\\Http\\Request))
#19 C:\\Users\\EMMANUEL\\progweb\\ModeMakers\\modelmakers\\vendor\\laravel\\framework\\src\\Illuminate\\Routing\\Router.php(807): Illuminate\\Pipeline\\Pipeline->then(Object(Closure))
#20 C:\\Users\\EMMANUEL\\progweb\\ModeMakers\\modelmakers\\vendor\\laravel\\framework\\src\\Illuminate\\Routing\\Router.php(786): Illuminate\\Routing\\Router->runRouteWithinStack(Object(Illuminate\\Routing\\Route), Object(Illuminate\\Http\\Request))
#21 C:\\Users\\EMMANUEL\\progweb\\ModeMakers\\modelmakers\\vendor\\laravel\\framework\\src\\Illuminate\\Routing\\Router.php(750): Illuminate\\Routing\\Router->runRoute(Object(Illuminate\\Http\\Request), Object(Illuminate\\Routing\\Route))
#22 C:\\Users\\EMMANUEL\\progweb\\ModeMakers\\modelmakers\\vendor\\laravel\\framework\\src\\Illuminate\\Routing\\Router.php(739): Illuminate\\Routing\\Router->dispatchToRoute(Object(Illuminate\\Http\\Request))
#23 C:\\Users\\EMMANUEL\\progweb\\ModeMakers\\modelmakers\\vendor\\laravel\\framework\\src\\Illuminate\\Foundation\\Http\\Kernel.php(201): Illuminate\\Routing\\Router->dispatch(Object(Illuminate\\Http\\Request))
#24 C:\\Users\\EMMANUEL\\progweb\\ModeMakers\\modelmakers\\vendor\\laravel\\framework\\src\\Illuminate\\Pipeline\\Pipeline.php(144): Illuminate\\Foundation\\Http\\Kernel->Illuminate\\Foundation\\Http\\{closure}(Object(Illuminate\\Http\\Request))
#25 C:\\Users\\EMMANUEL\\progweb\\ModeMakers\\modelmakers\\vendor\\laravel\\framework\\src\\Illuminate\\Foundation\\Http\\Middleware\\TransformsRequest.php(21): Illuminate\\Pipeline\\Pipeline->Illuminate\\Pipeline\\{closure}(Object(Illuminate\\Http\\Request))
#26 C:\\Users\\EMMANUEL\\progweb\\ModeMakers\\modelmakers\\vendor\\laravel\\framework\\src\\Illuminate\\Foundation\\Http\\Middleware\\ConvertEmptyStringsToNull.php(31): Illuminate\\Foundation\\Http\\Middleware\\TransformsRequest->handle(Object(Illuminate\\Http\\Request), Object(Closure))
#27 C:\\Users\\EMMANUEL\\progweb\\ModeMakers\\modelmakers\\vendor\\laravel\\framework\\src\\Illuminate\\Pipeline\\Pipeline.php(183): Illuminate\\Foundation\\Http\\Middleware\\ConvertEmptyStringsToNull->handle(Object(Illuminate\\Http\\Request), Object(Closure))
#28 C:\\Users\\EMMANUEL\\progweb\\ModeMakers\\modelmakers\\vendor\\laravel\\framework\\src\\Illuminate\\Foundation\\Http\\Middleware\\TransformsRequest.php(21): Illuminate\\Pipeline\\Pipeline->Illuminate\\Pipeline\\{closure}(Object(Illuminate\\Http\\Request))
#29 C:\\Users\\EMMANUEL\\progweb\\ModeMakers\\modelmakers\\vendor\\laravel\\framework\\src\\Illuminate\\Foundation\\Http\\Middleware\\TrimStrings.php(51): Illuminate\\Foundation\\Http\\Middleware\\TransformsRequest->handle(Object(Illuminate\\Http\\Request), Object(Closure))
#30 C:\\Users\\EMMANUEL\\progweb\\ModeMakers\\modelmakers\\vendor\\laravel\\framework\\src\\Illuminate\\Pipeline\\Pipeline.php(183): Illuminate\\Foundation\\Http\\Middleware\\TrimStrings->handle(Object(Illuminate\\Http\\Request), Object(Closure))
#31 C:\\Users\\EMMANUEL\\progweb\\ModeMakers\\modelmakers\\vendor\\laravel\\framework\\src\\Illuminate\\Http\\Middleware\\ValidatePostSize.php(27): Illuminate\\Pipeline\\Pipeline->Illuminate\\Pipeline\\{closure}(Object(Illuminate\\Http\\Request))
#32 C:\\Users\\EMMANUEL\\progweb\\ModeMakers\\modelmakers\\vendor\\laravel\\framework\\src\\Illuminate\\Pipeline\\Pipeline.php(183): Illuminate\\Http\\Middleware\\ValidatePostSize->handle(Object(Illuminate\\Http\\Request), Object(Closure))
#33 C:\\Users\\EMMANUEL\\progweb\\ModeMakers\\modelmakers\\vendor\\laravel\\framework\\src\\Illuminate\\Foundation\\Http\\Middleware\\PreventRequestsDuringMaintenance.php(110): Illuminate\\Pipeline\\Pipeline->Illuminate\\Pipeline\\{closure}(Object(Illuminate\\Http\\Request))
#34 C:\\Users\\EMMANUEL\\progweb\\ModeMakers\\modelmakers\\vendor\\laravel\\framework\\src\\Illuminate\\Pipeline\\Pipeline.php(183): Illuminate\\Foundation\\Http\\Middleware\\PreventRequestsDuringMaintenance->handle(Object(Illuminate\\Http\\Request), Object(Closure))
#35 C:\\Users\\EMMANUEL\\progweb\\ModeMakers\\modelmakers\\vendor\\laravel\\framework\\src\\Illuminate\\Http\\Middleware\\HandleCors.php(49): Illuminate\\Pipeline\\Pipeline->Illuminate\\Pipeline\\{closure}(Object(Illuminate\\Http\\Request))
#36 C:\\Users\\EMMANUEL\\progweb\\ModeMakers\\modelmakers\\vendor\\laravel\\framework\\src\\Illuminate\\Pipeline\\Pipeline.php(183): Illuminate\\Http\\Middleware\\HandleCors->handle(Object(Illuminate\\Http\\Request), Object(Closure))
#37 C:\\Users\\EMMANUEL\\progweb\\ModeMakers\\modelmakers\\vendor\\laravel\\framework\\src\\Illuminate\\Http\\Middleware\\TrustProxies.php(58): Illuminate\\Pipeline\\Pipeline->Illuminate\\Pipeline\\{closure}(Object(Illuminate\\Http\\Request))
#38 C:\\Users\\EMMANUEL\\progweb\\ModeMakers\\modelmakers\\vendor\\laravel\\framework\\src\\Illuminate\\Pipeline\\Pipeline.php(183): Illuminate\\Http\\Middleware\\TrustProxies->handle(Object(Illuminate\\Http\\Request), Object(Closure))
#39 C:\\Users\\EMMANUEL\\progweb\\ModeMakers\\modelmakers\\vendor\\laravel\\framework\\src\\Illuminate\\Foundation\\Http\\Middleware\\InvokeDeferredCallbacks.php(22): Illuminate\\Pipeline\\Pipeline->Illuminate\\Pipeline\\{closure}(Object(Illuminate\\Http\\Request))
#40 C:\\Users\\EMMANUEL\\progweb\\ModeMakers\\modelmakers\\vendor\\laravel\\framework\\src\\Illuminate\\Pipeline\\Pipeline.php(183): Illuminate\\Foundation\\Http\\Middleware\\InvokeDeferredCallbacks->handle(Object(Illuminate\\Http\\Request), Object(Closure))
#41 C:\\Users\\EMMANUEL\\progweb\\ModeMakers\\modelmakers\\vendor\\laravel\\framework\\src\\Illuminate\\Pipeline\\Pipeline.php(119): Illuminate\\Pipeline\\Pipeline->Illuminate\\Pipeline\\{closure}(Object(Illuminate\\Http\\Request))
#42 C:\\Users\\EMMANUEL\\progweb\\ModeMakers\\modelmakers\\vendor\\laravel\\framework\\src\\Illuminate\\Foundation\\Http\\Kernel.php(176): Illuminate\\Pipeline\\Pipeline->then(Object(Closure))
#43 C:\\Users\\EMMANUEL\\progweb\\ModeMakers\\modelmakers\\vendor\\laravel\\framework\\src\\Illuminate\\Foundation\\Http\\Kernel.php(145): Illuminate\\Foundation\\Http\\Kernel->sendRequestThroughRouter(Object(Illuminate\\Http\\Request))
#44 C:\\Users\\EMMANUEL\\progweb\\ModeMakers\\modelmakers\\vendor\\laravel\\framework\\src\\Illuminate\\Foundation\\Application.php(1190): Illuminate\\Foundation\\Http\\Kernel->handle(Object(Illuminate\\Http\\Request))
#45 C:\\Users\\EMMANUEL\\progweb\\ModeMakers\\modelmakers\\public\\index.php(17): Illuminate\\Foundation\\Application->handleRequest(Object(Illuminate\\Http\\Request))
#46 C:\\Users\\EMMANUEL\\progweb\\ModeMakers\\modelmakers\\vendor\\laravel\\framework\\src\\Illuminate\\Foundation\\resources\\server.php(23): require_once('C:\\\\Users\\\\EMMANU...')
#47 {main}
"} 
[2024-12-22 03:32:28] local.ERROR: This PaymentIntent is configured to accept payment methods enabled in your Dashboard. Because some of these payment methods might redirect your customer off of your page, you must provide a `return_url`. If you don't want to accept redirect-based payment methods, set `automatic_payment_methods[enabled]` to `true` and `automatic_payment_methods[allow_redirects]` to `never` when creating Setup Intents and Payment Intents. {"exception":"[object] (Stripe\\Exception\\InvalidRequestException(code: 0): This PaymentIntent is configured to accept payment methods enabled in your Dashboard. Because some of these payment methods might redirect your customer off of your page, you must provide a `return_url`. If you don't want to accept redirect-based payment methods, set `automatic_payment_methods[enabled]` to `true` and `automatic_payment_methods[allow_redirects]` to `never` when creating Setup Intents and Payment Intents. at C:\\Users\\EMMANUEL\\progweb\\ModeMakers\\modelmakers\\vendor\\stripe\\stripe-php\\lib\\Exception\\ApiErrorException.php:38)
[stacktrace]
#0 C:\\Users\\EMMANUEL\\progweb\\ModeMakers\\modelmakers\\vendor\\stripe\\stripe-php\\lib\\Exception\\InvalidRequestException.php(35): Stripe\\Exception\\ApiErrorException::factory('This PaymentInt...', 400, '{\\n  \"error\": {\\n...', Array, Object(Stripe\\Util\\CaseInsensitiveArray), NULL)
#1 C:\\Users\\EMMANUEL\\progweb\\ModeMakers\\modelmakers\\vendor\\stripe\\stripe-php\\lib\\ApiRequestor.php(230): Stripe\\Exception\\InvalidRequestException::factory('This PaymentInt...', 400, '{\\n  \"error\": {\\n...', Array, Object(Stripe\\Util\\CaseInsensitiveArray), NULL, NULL)
#2 C:\\Users\\EMMANUEL\\progweb\\ModeMakers\\modelmakers\\vendor\\stripe\\stripe-php\\lib\\ApiRequestor.php(191): Stripe\\ApiRequestor::_specificV1APIError('{\\n  \"error\": {\\n...', 400, Object(Stripe\\Util\\CaseInsensitiveArray), Array, Array)
#3 C:\\Users\\EMMANUEL\\progweb\\ModeMakers\\modelmakers\\vendor\\stripe\\stripe-php\\lib\\ApiRequestor.php(637): Stripe\\ApiRequestor->handleErrorResponse('{\\n  \"error\": {\\n...', 400, Object(Stripe\\Util\\CaseInsensitiveArray), Array, 'v1')
#4 C:\\Users\\EMMANUEL\\progweb\\ModeMakers\\modelmakers\\vendor\\stripe\\stripe-php\\lib\\ApiRequestor.php(136): Stripe\\ApiRequestor->_interpretResponse('{\\n  \"error\": {\\n...', 400, Object(Stripe\\Util\\CaseInsensitiveArray), 'v1')
#5 C:\\Users\\EMMANUEL\\progweb\\ModeMakers\\modelmakers\\vendor\\stripe\\stripe-php\\lib\\ApiOperations\\Request.php(111): Stripe\\ApiRequestor->request('post', '/v1/payment_int...', Array, Array, 'v1', Array)
#6 C:\\Users\\EMMANUEL\\progweb\\ModeMakers\\modelmakers\\vendor\\stripe\\stripe-php\\lib\\PaymentIntent.php(118): Stripe\\ApiResource::_staticRequest('post', '/v1/payment_int...', Array, NULL)
#7 C:\\Users\\EMMANUEL\\progweb\\ModeMakers\\modelmakers\\app\\Http\\Controllers\\StripeController.php(29): Stripe\\PaymentIntent::create(Array)
#8 C:\\Users\\EMMANUEL\\progweb\\ModeMakers\\modelmakers\\vendor\\laravel\\framework\\src\\Illuminate\\Routing\\ControllerDispatcher.php(47): App\\Http\\Controllers\\StripeController->processPayment(Object(Illuminate\\Http\\Request))
#9 C:\\Users\\EMMANUEL\\progweb\\ModeMakers\\modelmakers\\vendor\\laravel\\framework\\src\\Illuminate\\Routing\\Route.php(266): Illuminate\\Routing\\ControllerDispatcher->dispatch(Object(Illuminate\\Routing\\Route), Object(App\\Http\\Controllers\\StripeController), 'processPayment')
#10 C:\\Users\\EMMANUEL\\progweb\\ModeMakers\\modelmakers\\vendor\\laravel\\framework\\src\\Illuminate\\Routing\\Route.php(212): Illuminate\\Routing\\Route->runController()
#11 C:\\Users\\EMMANUEL\\progweb\\ModeMakers\\modelmakers\\vendor\\laravel\\framework\\src\\Illuminate\\Routing\\Router.php(808): Illuminate\\Routing\\Route->run()
#12 C:\\Users\\EMMANUEL\\progweb\\ModeMakers\\modelmakers\\vendor\\laravel\\framework\\src\\Illuminate\\Pipeline\\Pipeline.php(144): Illuminate\\Routing\\Router->Illuminate\\Routing\\{closure}(Object(Illuminate\\Http\\Request))
#13 C:\\Users\\EMMANUEL\\progweb\\ModeMakers\\modelmakers\\vendor\\laravel\\framework\\src\\Illuminate\\Routing\\Middleware\\SubstituteBindings.php(51): Illuminate\\Pipeline\\Pipeline->Illuminate\\Pipeline\\{closure}(Object(Illuminate\\Http\\Request))
#14 C:\\Users\\EMMANUEL\\progweb\\ModeMakers\\modelmakers\\vendor\\laravel\\framework\\src\\Illuminate\\Pipeline\\Pipeline.php(183): Illuminate\\Routing\\Middleware\\SubstituteBindings->handle(Object(Illuminate\\Http\\Request), Object(Closure))
#15 C:\\Users\\EMMANUEL\\progweb\\ModeMakers\\modelmakers\\vendor\\laravel\\framework\\src\\Illuminate\\Foundation\\Http\\Middleware\\VerifyCsrfToken.php(88): Illuminate\\Pipeline\\Pipeline->Illuminate\\Pipeline\\{closure}(Object(Illuminate\\Http\\Request))
#16 C:\\Users\\EMMANUEL\\progweb\\ModeMakers\\modelmakers\\vendor\\laravel\\framework\\src\\Illuminate\\Pipeline\\Pipeline.php(183): Illuminate\\Foundation\\Http\\Middleware\\VerifyCsrfToken->handle(Object(Illuminate\\Http\\Request), Object(Closure))
#17 C:\\Users\\EMMANUEL\\progweb\\ModeMakers\\modelmakers\\vendor\\laravel\\framework\\src\\Illuminate\\View\\Middleware\\ShareErrorsFromSession.php(49): Illuminate\\Pipeline\\Pipeline->Illuminate\\Pipeline\\{closure}(Object(Illuminate\\Http\\Request))
#18 C:\\Users\\EMMANUEL\\progweb\\ModeMakers\\modelmakers\\vendor\\laravel\\framework\\src\\Illuminate\\Pipeline\\Pipeline.php(183): Illuminate\\View\\Middleware\\ShareErrorsFromSession->handle(Object(Illuminate\\Http\\Request), Object(Closure))
#19 C:\\Users\\EMMANUEL\\progweb\\ModeMakers\\modelmakers\\vendor\\laravel\\framework\\src\\Illuminate\\Session\\Middleware\\StartSession.php(121): Illuminate\\Pipeline\\Pipeline->Illuminate\\Pipeline\\{closure}(Object(Illuminate\\Http\\Request))
#20 C:\\Users\\EMMANUEL\\progweb\\ModeMakers\\modelmakers\\vendor\\laravel\\framework\\src\\Illuminate\\Session\\Middleware\\StartSession.php(64): Illuminate\\Session\\Middleware\\StartSession->handleStatefulRequest(Object(Illuminate\\Http\\Request), Object(Illuminate\\Session\\Store), Object(Closure))
#21 C:\\Users\\EMMANUEL\\progweb\\ModeMakers\\modelmakers\\vendor\\laravel\\framework\\src\\Illuminate\\Pipeline\\Pipeline.php(183): Illuminate\\Session\\Middleware\\StartSession->handle(Object(Illuminate\\Http\\Request), Object(Closure))
#22 C:\\Users\\EMMANUEL\\progweb\\ModeMakers\\modelmakers\\vendor\\laravel\\framework\\src\\Illuminate\\Cookie\\Middleware\\AddQueuedCookiesToResponse.php(37): Illuminate\\Pipeline\\Pipeline->Illuminate\\Pipeline\\{closure}(Object(Illuminate\\Http\\Request))
#23 C:\\Users\\EMMANUEL\\progweb\\ModeMakers\\modelmakers\\vendor\\laravel\\framework\\src\\Illuminate\\Pipeline\\Pipeline.php(183): Illuminate\\Cookie\\Middleware\\AddQueuedCookiesToResponse->handle(Object(Illuminate\\Http\\Request), Object(Closure))
#24 C:\\Users\\EMMANUEL\\progweb\\ModeMakers\\modelmakers\\vendor\\laravel\\framework\\src\\Illuminate\\Cookie\\Middleware\\EncryptCookies.php(75): Illuminate\\Pipeline\\Pipeline->Illuminate\\Pipeline\\{closure}(Object(Illuminate\\Http\\Request))
#25 C:\\Users\\EMMANUEL\\progweb\\ModeMakers\\modelmakers\\vendor\\laravel\\framework\\src\\Illuminate\\Pipeline\\Pipeline.php(183): Illuminate\\Cookie\\Middleware\\EncryptCookies->handle(Object(Illuminate\\Http\\Request), Object(Closure))
#26 C:\\Users\\EMMANUEL\\progweb\\ModeMakers\\modelmakers\\vendor\\laravel\\framework\\src\\Illuminate\\Pipeline\\Pipeline.php(119): Illuminate\\Pipeline\\Pipeline->Illuminate\\Pipeline\\{closure}(Object(Illuminate\\Http\\Request))
#27 C:\\Users\\EMMANUEL\\progweb\\ModeMakers\\modelmakers\\vendor\\laravel\\framework\\src\\Illuminate\\Routing\\Router.php(807): Illuminate\\Pipeline\\Pipeline->then(Object(Closure))
#28 C:\\Users\\EMMANUEL\\progweb\\ModeMakers\\modelmakers\\vendor\\laravel\\framework\\src\\Illuminate\\Routing\\Router.php(786): Illuminate\\Routing\\Router->runRouteWithinStack(Object(Illuminate\\Routing\\Route), Object(Illuminate\\Http\\Request))
#29 C:\\Users\\EMMANUEL\\progweb\\ModeMakers\\modelmakers\\vendor\\laravel\\framework\\src\\Illuminate\\Routing\\Router.php(750): Illuminate\\Routing\\Router->runRoute(Object(Illuminate\\Http\\Request), Object(Illuminate\\Routing\\Route))
#30 C:\\Users\\EMMANUEL\\progweb\\ModeMakers\\modelmakers\\vendor\\laravel\\framework\\src\\Illuminate\\Routing\\Router.php(739): Illuminate\\Routing\\Router->dispatchToRoute(Object(Illuminate\\Http\\Request))
#31 C:\\Users\\EMMANUEL\\progweb\\ModeMakers\\modelmakers\\vendor\\laravel\\framework\\src\\Illuminate\\Foundation\\Http\\Kernel.php(201): Illuminate\\Routing\\Router->dispatch(Object(Illuminate\\Http\\Request))
#32 C:\\Users\\EMMANUEL\\progweb\\ModeMakers\\modelmakers\\vendor\\laravel\\framework\\src\\Illuminate\\Pipeline\\Pipeline.php(144): Illuminate\\Foundation\\Http\\Kernel->Illuminate\\Foundation\\Http\\{closure}(Object(Illuminate\\Http\\Request))
#33 C:\\Users\\EMMANUEL\\progweb\\ModeMakers\\modelmakers\\vendor\\laravel\\framework\\src\\Illuminate\\Foundation\\Http\\Middleware\\TransformsRequest.php(21): Illuminate\\Pipeline\\Pipeline->Illuminate\\Pipeline\\{closure}(Object(Illuminate\\Http\\Request))
#34 C:\\Users\\EMMANUEL\\progweb\\ModeMakers\\modelmakers\\vendor\\laravel\\framework\\src\\Illuminate\\Foundation\\Http\\Middleware\\ConvertEmptyStringsToNull.php(31): Illuminate\\Foundation\\Http\\Middleware\\TransformsRequest->handle(Object(Illuminate\\Http\\Request), Object(Closure))
#35 C:\\Users\\EMMANUEL\\progweb\\ModeMakers\\modelmakers\\vendor\\laravel\\framework\\src\\Illuminate\\Pipeline\\Pipeline.php(183): Illuminate\\Foundation\\Http\\Middleware\\ConvertEmptyStringsToNull->handle(Object(Illuminate\\Http\\Request), Object(Closure))
#36 C:\\Users\\EMMANUEL\\progweb\\ModeMakers\\modelmakers\\vendor\\laravel\\framework\\src\\Illuminate\\Foundation\\Http\\Middleware\\TransformsRequest.php(21): Illuminate\\Pipeline\\Pipeline->Illuminate\\Pipeline\\{closure}(Object(Illuminate\\Http\\Request))
#37 C:\\Users\\EMMANUEL\\progweb\\ModeMakers\\modelmakers\\vendor\\laravel\\framework\\src\\Illuminate\\Foundation\\Http\\Middleware\\TrimStrings.php(51): Illuminate\\Foundation\\Http\\Middleware\\TransformsRequest->handle(Object(Illuminate\\Http\\Request), Object(Closure))
#38 C:\\Users\\EMMANUEL\\progweb\\ModeMakers\\modelmakers\\vendor\\laravel\\framework\\src\\Illuminate\\Pipeline\\Pipeline.php(183): Illuminate\\Foundation\\Http\\Middleware\\TrimStrings->handle(Object(Illuminate\\Http\\Request), Object(Closure))
#39 C:\\Users\\EMMANUEL\\progweb\\ModeMakers\\modelmakers\\vendor\\laravel\\framework\\src\\Illuminate\\Http\\Middleware\\ValidatePostSize.php(27): Illuminate\\Pipeline\\Pipeline->Illuminate\\Pipeline\\{closure}(Object(Illuminate\\Http\\Request))
#40 C:\\Users\\EMMANUEL\\progweb\\ModeMakers\\modelmakers\\vendor\\laravel\\framework\\src\\Illuminate\\Pipeline\\Pipeline.php(183): Illuminate\\Http\\Middleware\\ValidatePostSize->handle(Object(Illuminate\\Http\\Request), Object(Closure))
#41 C:\\Users\\EMMANUEL\\progweb\\ModeMakers\\modelmakers\\vendor\\laravel\\framework\\src\\Illuminate\\Foundation\\Http\\Middleware\\PreventRequestsDuringMaintenance.php(110): Illuminate\\Pipeline\\Pipeline->Illuminate\\Pipeline\\{closure}(Object(Illuminate\\Http\\Request))
#42 C:\\Users\\EMMANUEL\\progweb\\ModeMakers\\modelmakers\\vendor\\laravel\\framework\\src\\Illuminate\\Pipeline\\Pipeline.php(183): Illuminate\\Foundation\\Http\\Middleware\\PreventRequestsDuringMaintenance->handle(Object(Illuminate\\Http\\Request), Object(Closure))
#43 C:\\Users\\EMMANUEL\\progweb\\ModeMakers\\modelmakers\\vendor\\laravel\\framework\\src\\Illuminate\\Http\\Middleware\\HandleCors.php(49): Illuminate\\Pipeline\\Pipeline->Illuminate\\Pipeline\\{closure}(Object(Illuminate\\Http\\Request))
#44 C:\\Users\\EMMANUEL\\progweb\\ModeMakers\\modelmakers\\vendor\\laravel\\framework\\src\\Illuminate\\Pipeline\\Pipeline.php(183): Illuminate\\Http\\Middleware\\HandleCors->handle(Object(Illuminate\\Http\\Request), Object(Closure))
#45 C:\\Users\\EMMANUEL\\progweb\\ModeMakers\\modelmakers\\vendor\\laravel\\framework\\src\\Illuminate\\Http\\Middleware\\TrustProxies.php(58): Illuminate\\Pipeline\\Pipeline->Illuminate\\Pipeline\\{closure}(Object(Illuminate\\Http\\Request))
#46 C:\\Users\\EMMANUEL\\progweb\\ModeMakers\\modelmakers\\vendor\\laravel\\framework\\src\\Illuminate\\Pipeline\\Pipeline.php(183): Illuminate\\Http\\Middleware\\TrustProxies->handle(Object(Illuminate\\Http\\Request), Object(Closure))
#47 C:\\Users\\EMMANUEL\\progweb\\ModeMakers\\modelmakers\\vendor\\laravel\\framework\\src\\Illuminate\\Foundation\\Http\\Middleware\\InvokeDeferredCallbacks.php(22): Illuminate\\Pipeline\\Pipeline->Illuminate\\Pipeline\\{closure}(Object(Illuminate\\Http\\Request))
#48 C:\\Users\\EMMANUEL\\progweb\\ModeMakers\\modelmakers\\vendor\\laravel\\framework\\src\\Illuminate\\Pipeline\\Pipeline.php(183): Illuminate\\Foundation\\Http\\Middleware\\InvokeDeferredCallbacks->handle(Object(Illuminate\\Http\\Request), Object(Closure))
#49 C:\\Users\\EMMANUEL\\progweb\\ModeMakers\\modelmakers\\vendor\\laravel\\framework\\src\\Illuminate\\Pipeline\\Pipeline.php(119): Illuminate\\Pipeline\\Pipeline->Illuminate\\Pipeline\\{closure}(Object(Illuminate\\Http\\Request))
#50 C:\\Users\\EMMANUEL\\progweb\\ModeMakers\\modelmakers\\vendor\\laravel\\framework\\src\\Illuminate\\Foundation\\Http\\Kernel.php(176): Illuminate\\Pipeline\\Pipeline->then(Object(Closure))
#51 C:\\Users\\EMMANUEL\\progweb\\ModeMakers\\modelmakers\\vendor\\laravel\\framework\\src\\Illuminate\\Foundation\\Http\\Kernel.php(145): Illuminate\\Foundation\\Http\\Kernel->sendRequestThroughRouter(Object(Illuminate\\Http\\Request))
#52 C:\\Users\\EMMANUEL\\progweb\\ModeMakers\\modelmakers\\vendor\\laravel\\framework\\src\\Illuminate\\Foundation\\Application.php(1190): Illuminate\\Foundation\\Http\\Kernel->handle(Object(Illuminate\\Http\\Request))
#53 C:\\Users\\EMMANUEL\\progweb\\ModeMakers\\modelmakers\\public\\index.php(17): Illuminate\\Foundation\\Application->handleRequest(Object(Illuminate\\Http\\Request))
#54 C:\\Users\\EMMANUEL\\progweb\\ModeMakers\\modelmakers\\vendor\\laravel\\framework\\src\\Illuminate\\Foundation\\resources\\server.php(23): require_once('C:\\\\Users\\\\EMMANU...')
#55 {main}
"} 
[2024-12-22 03:33:21] local.ERROR: You may only specify one of these parameters: automatic_payment_methods, confirmation_method. {"exception":"[object] (Stripe\\Exception\\InvalidRequestException(code: 0): You may only specify one of these parameters: automatic_payment_methods, confirmation_method. at C:\\Users\\EMMANUEL\\progweb\\ModeMakers\\modelmakers\\vendor\\stripe\\stripe-php\\lib\\Exception\\ApiErrorException.php:38)
[stacktrace]
#0 C:\\Users\\EMMANUEL\\progweb\\ModeMakers\\modelmakers\\vendor\\stripe\\stripe-php\\lib\\Exception\\InvalidRequestException.php(35): Stripe\\Exception\\ApiErrorException::factory('You may only sp...', 400, '{\\n  \"error\": {\\n...', Array, Object(Stripe\\Util\\CaseInsensitiveArray), NULL)
#1 C:\\Users\\EMMANUEL\\progweb\\ModeMakers\\modelmakers\\vendor\\stripe\\stripe-php\\lib\\ApiRequestor.php(230): Stripe\\Exception\\InvalidRequestException::factory('You may only sp...', 400, '{\\n  \"error\": {\\n...', Array, Object(Stripe\\Util\\CaseInsensitiveArray), NULL, 'automatic_payme...')
#2 C:\\Users\\EMMANUEL\\progweb\\ModeMakers\\modelmakers\\vendor\\stripe\\stripe-php\\lib\\ApiRequestor.php(191): Stripe\\ApiRequestor::_specificV1APIError('{\\n  \"error\": {\\n...', 400, Object(Stripe\\Util\\CaseInsensitiveArray), Array, Array)
#3 C:\\Users\\EMMANUEL\\progweb\\ModeMakers\\modelmakers\\vendor\\stripe\\stripe-php\\lib\\ApiRequestor.php(637): Stripe\\ApiRequestor->handleErrorResponse('{\\n  \"error\": {\\n...', 400, Object(Stripe\\Util\\CaseInsensitiveArray), Array, 'v1')
#4 C:\\Users\\EMMANUEL\\progweb\\ModeMakers\\modelmakers\\vendor\\stripe\\stripe-php\\lib\\ApiRequestor.php(136): Stripe\\ApiRequestor->_interpretResponse('{\\n  \"error\": {\\n...', 400, Object(Stripe\\Util\\CaseInsensitiveArray), 'v1')
#5 C:\\Users\\EMMANUEL\\progweb\\ModeMakers\\modelmakers\\vendor\\stripe\\stripe-php\\lib\\ApiOperations\\Request.php(111): Stripe\\ApiRequestor->request('post', '/v1/payment_int...', Array, Array, 'v1', Array)
#6 C:\\Users\\EMMANUEL\\progweb\\ModeMakers\\modelmakers\\vendor\\stripe\\stripe-php\\lib\\PaymentIntent.php(118): Stripe\\ApiResource::_staticRequest('post', '/v1/payment_int...', Array, NULL)
#7 C:\\Users\\EMMANUEL\\progweb\\ModeMakers\\modelmakers\\app\\Http\\Controllers\\StripeController.php(29): Stripe\\PaymentIntent::create(Array)
#8 C:\\Users\\EMMANUEL\\progweb\\ModeMakers\\modelmakers\\vendor\\laravel\\framework\\src\\Illuminate\\Routing\\ControllerDispatcher.php(47): App\\Http\\Controllers\\StripeController->processPayment(Object(Illuminate\\Http\\Request))
#9 C:\\Users\\EMMANUEL\\progweb\\ModeMakers\\modelmakers\\vendor\\laravel\\framework\\src\\Illuminate\\Routing\\Route.php(266): Illuminate\\Routing\\ControllerDispatcher->dispatch(Object(Illuminate\\Routing\\Route), Object(App\\Http\\Controllers\\StripeController), 'processPayment')
#10 C:\\Users\\EMMANUEL\\progweb\\ModeMakers\\modelmakers\\vendor\\laravel\\framework\\src\\Illuminate\\Routing\\Route.php(212): Illuminate\\Routing\\Route->runController()
#11 C:\\Users\\EMMANUEL\\progweb\\ModeMakers\\modelmakers\\vendor\\laravel\\framework\\src\\Illuminate\\Routing\\Router.php(808): Illuminate\\Routing\\Route->run()
#12 C:\\Users\\EMMANUEL\\progweb\\ModeMakers\\modelmakers\\vendor\\laravel\\framework\\src\\Illuminate\\Pipeline\\Pipeline.php(144): Illuminate\\Routing\\Router->Illuminate\\Routing\\{closure}(Object(Illuminate\\Http\\Request))
#13 C:\\Users\\EMMANUEL\\progweb\\ModeMakers\\modelmakers\\vendor\\laravel\\framework\\src\\Illuminate\\Routing\\Middleware\\SubstituteBindings.php(51): Illuminate\\Pipeline\\Pipeline->Illuminate\\Pipeline\\{closure}(Object(Illuminate\\Http\\Request))
#14 C:\\Users\\EMMANUEL\\progweb\\ModeMakers\\modelmakers\\vendor\\laravel\\framework\\src\\Illuminate\\Pipeline\\Pipeline.php(183): Illuminate\\Routing\\Middleware\\SubstituteBindings->handle(Object(Illuminate\\Http\\Request), Object(Closure))
#15 C:\\Users\\EMMANUEL\\progweb\\ModeMakers\\modelmakers\\vendor\\laravel\\framework\\src\\Illuminate\\Foundation\\Http\\Middleware\\VerifyCsrfToken.php(88): Illuminate\\Pipeline\\Pipeline->Illuminate\\Pipeline\\{closure}(Object(Illuminate\\Http\\Request))
#16 C:\\Users\\EMMANUEL\\progweb\\ModeMakers\\modelmakers\\vendor\\laravel\\framework\\src\\Illuminate\\Pipeline\\Pipeline.php(183): Illuminate\\Foundation\\Http\\Middleware\\VerifyCsrfToken->handle(Object(Illuminate\\Http\\Request), Object(Closure))
#17 C:\\Users\\EMMANUEL\\progweb\\ModeMakers\\modelmakers\\vendor\\laravel\\framework\\src\\Illuminate\\View\\Middleware\\ShareErrorsFromSession.php(49): Illuminate\\Pipeline\\Pipeline->Illuminate\\Pipeline\\{closure}(Object(Illuminate\\Http\\Request))
#18 C:\\Users\\EMMANUEL\\progweb\\ModeMakers\\modelmakers\\vendor\\laravel\\framework\\src\\Illuminate\\Pipeline\\Pipeline.php(183): Illuminate\\View\\Middleware\\ShareErrorsFromSession->handle(Object(Illuminate\\Http\\Request), Object(Closure))
#19 C:\\Users\\EMMANUEL\\progweb\\ModeMakers\\modelmakers\\vendor\\laravel\\framework\\src\\Illuminate\\Session\\Middleware\\StartSession.php(121): Illuminate\\Pipeline\\Pipeline->Illuminate\\Pipeline\\{closure}(Object(Illuminate\\Http\\Request))
#20 C:\\Users\\EMMANUEL\\progweb\\ModeMakers\\modelmakers\\vendor\\laravel\\framework\\src\\Illuminate\\Session\\Middleware\\StartSession.php(64): Illuminate\\Session\\Middleware\\StartSession->handleStatefulRequest(Object(Illuminate\\Http\\Request), Object(Illuminate\\Session\\Store), Object(Closure))
#21 C:\\Users\\EMMANUEL\\progweb\\ModeMakers\\modelmakers\\vendor\\laravel\\framework\\src\\Illuminate\\Pipeline\\Pipeline.php(183): Illuminate\\Session\\Middleware\\StartSession->handle(Object(Illuminate\\Http\\Request), Object(Closure))
#22 C:\\Users\\EMMANUEL\\progweb\\ModeMakers\\modelmakers\\vendor\\laravel\\framework\\src\\Illuminate\\Cookie\\Middleware\\AddQueuedCookiesToResponse.php(37): Illuminate\\Pipeline\\Pipeline->Illuminate\\Pipeline\\{closure}(Object(Illuminate\\Http\\Request))
#23 C:\\Users\\EMMANUEL\\progweb\\ModeMakers\\modelmakers\\vendor\\laravel\\framework\\src\\Illuminate\\Pipeline\\Pipeline.php(183): Illuminate\\Cookie\\Middleware\\AddQueuedCookiesToResponse->handle(Object(Illuminate\\Http\\Request), Object(Closure))
#24 C:\\Users\\EMMANUEL\\progweb\\ModeMakers\\modelmakers\\vendor\\laravel\\framework\\src\\Illuminate\\Cookie\\Middleware\\EncryptCookies.php(75): Illuminate\\Pipeline\\Pipeline->Illuminate\\Pipeline\\{closure}(Object(Illuminate\\Http\\Request))
#25 C:\\Users\\EMMANUEL\\progweb\\ModeMakers\\modelmakers\\vendor\\laravel\\framework\\src\\Illuminate\\Pipeline\\Pipeline.php(183): Illuminate\\Cookie\\Middleware\\EncryptCookies->handle(Object(Illuminate\\Http\\Request), Object(Closure))
#26 C:\\Users\\EMMANUEL\\progweb\\ModeMakers\\modelmakers\\vendor\\laravel\\framework\\src\\Illuminate\\Pipeline\\Pipeline.php(119): Illuminate\\Pipeline\\Pipeline->Illuminate\\Pipeline\\{closure}(Object(Illuminate\\Http\\Request))
#27 C:\\Users\\EMMANUEL\\progweb\\ModeMakers\\modelmakers\\vendor\\laravel\\framework\\src\\Illuminate\\Routing\\Router.php(807): Illuminate\\Pipeline\\Pipeline->then(Object(Closure))
#28 C:\\Users\\EMMANUEL\\progweb\\ModeMakers\\modelmakers\\vendor\\laravel\\framework\\src\\Illuminate\\Routing\\Router.php(786): Illuminate\\Routing\\Router->runRouteWithinStack(Object(Illuminate\\Routing\\Route), Object(Illuminate\\Http\\Request))
#29 C:\\Users\\EMMANUEL\\progweb\\ModeMakers\\modelmakers\\vendor\\laravel\\framework\\src\\Illuminate\\Routing\\Router.php(750): Illuminate\\Routing\\Router->runRoute(Object(Illuminate\\Http\\Request), Object(Illuminate\\Routing\\Route))
#30 C:\\Users\\EMMANUEL\\progweb\\ModeMakers\\modelmakers\\vendor\\laravel\\framework\\src\\Illuminate\\Routing\\Router.php(739): Illuminate\\Routing\\Router->dispatchToRoute(Object(Illuminate\\Http\\Request))
#31 C:\\Users\\EMMANUEL\\progweb\\ModeMakers\\modelmakers\\vendor\\laravel\\framework\\src\\Illuminate\\Foundation\\Http\\Kernel.php(201): Illuminate\\Routing\\Router->dispatch(Object(Illuminate\\Http\\Request))
#32 C:\\Users\\EMMANUEL\\progweb\\ModeMakers\\modelmakers\\vendor\\laravel\\framework\\src\\Illuminate\\Pipeline\\Pipeline.php(144): Illuminate\\Foundation\\Http\\Kernel->Illuminate\\Foundation\\Http\\{closure}(Object(Illuminate\\Http\\Request))
#33 C:\\Users\\EMMANUEL\\progweb\\ModeMakers\\modelmakers\\vendor\\laravel\\framework\\src\\Illuminate\\Foundation\\Http\\Middleware\\TransformsRequest.php(21): Illuminate\\Pipeline\\Pipeline->Illuminate\\Pipeline\\{closure}(Object(Illuminate\\Http\\Request))
#34 C:\\Users\\EMMANUEL\\progweb\\ModeMakers\\modelmakers\\vendor\\laravel\\framework\\src\\Illuminate\\Foundation\\Http\\Middleware\\ConvertEmptyStringsToNull.php(31): Illuminate\\Foundation\\Http\\Middleware\\TransformsRequest->handle(Object(Illuminate\\Http\\Request), Object(Closure))
#35 C:\\Users\\EMMANUEL\\progweb\\ModeMakers\\modelmakers\\vendor\\laravel\\framework\\src\\Illuminate\\Pipeline\\Pipeline.php(183): Illuminate\\Foundation\\Http\\Middleware\\ConvertEmptyStringsToNull->handle(Object(Illuminate\\Http\\Request), Object(Closure))
#36 C:\\Users\\EMMANUEL\\progweb\\ModeMakers\\modelmakers\\vendor\\laravel\\framework\\src\\Illuminate\\Foundation\\Http\\Middleware\\TransformsRequest.php(21): Illuminate\\Pipeline\\Pipeline->Illuminate\\Pipeline\\{closure}(Object(Illuminate\\Http\\Request))
#37 C:\\Users\\EMMANUEL\\progweb\\ModeMakers\\modelmakers\\vendor\\laravel\\framework\\src\\Illuminate\\Foundation\\Http\\Middleware\\TrimStrings.php(51): Illuminate\\Foundation\\Http\\Middleware\\TransformsRequest->handle(Object(Illuminate\\Http\\Request), Object(Closure))
#38 C:\\Users\\EMMANUEL\\progweb\\ModeMakers\\modelmakers\\vendor\\laravel\\framework\\src\\Illuminate\\Pipeline\\Pipeline.php(183): Illuminate\\Foundation\\Http\\Middleware\\TrimStrings->handle(Object(Illuminate\\Http\\Request), Object(Closure))
#39 C:\\Users\\EMMANUEL\\progweb\\ModeMakers\\modelmakers\\vendor\\laravel\\framework\\src\\Illuminate\\Http\\Middleware\\ValidatePostSize.php(27): Illuminate\\Pipeline\\Pipeline->Illuminate\\Pipeline\\{closure}(Object(Illuminate\\Http\\Request))
#40 C:\\Users\\EMMANUEL\\progweb\\ModeMakers\\modelmakers\\vendor\\laravel\\framework\\src\\Illuminate\\Pipeline\\Pipeline.php(183): Illuminate\\Http\\Middleware\\ValidatePostSize->handle(Object(Illuminate\\Http\\Request), Object(Closure))
#41 C:\\Users\\EMMANUEL\\progweb\\ModeMakers\\modelmakers\\vendor\\laravel\\framework\\src\\Illuminate\\Foundation\\Http\\Middleware\\PreventRequestsDuringMaintenance.php(110): Illuminate\\Pipeline\\Pipeline->Illuminate\\Pipeline\\{closure}(Object(Illuminate\\Http\\Request))
#42 C:\\Users\\EMMANUEL\\progweb\\ModeMakers\\modelmakers\\vendor\\laravel\\framework\\src\\Illuminate\\Pipeline\\Pipeline.php(183): Illuminate\\Foundation\\Http\\Middleware\\PreventRequestsDuringMaintenance->handle(Object(Illuminate\\Http\\Request), Object(Closure))
#43 C:\\Users\\EMMANUEL\\progweb\\ModeMakers\\modelmakers\\vendor\\laravel\\framework\\src\\Illuminate\\Http\\Middleware\\HandleCors.php(49): Illuminate\\Pipeline\\Pipeline->Illuminate\\Pipeline\\{closure}(Object(Illuminate\\Http\\Request))
#44 C:\\Users\\EMMANUEL\\progweb\\ModeMakers\\modelmakers\\vendor\\laravel\\framework\\src\\Illuminate\\Pipeline\\Pipeline.php(183): Illuminate\\Http\\Middleware\\HandleCors->handle(Object(Illuminate\\Http\\Request), Object(Closure))
#45 C:\\Users\\EMMANUEL\\progweb\\ModeMakers\\modelmakers\\vendor\\laravel\\framework\\src\\Illuminate\\Http\\Middleware\\TrustProxies.php(58): Illuminate\\Pipeline\\Pipeline->Illuminate\\Pipeline\\{closure}(Object(Illuminate\\Http\\Request))
#46 C:\\Users\\EMMANUEL\\progweb\\ModeMakers\\modelmakers\\vendor\\laravel\\framework\\src\\Illuminate\\Pipeline\\Pipeline.php(183): Illuminate\\Http\\Middleware\\TrustProxies->handle(Object(Illuminate\\Http\\Request), Object(Closure))
#47 C:\\Users\\EMMANUEL\\progweb\\ModeMakers\\modelmakers\\vendor\\laravel\\framework\\src\\Illuminate\\Foundation\\Http\\Middleware\\InvokeDeferredCallbacks.php(22): Illuminate\\Pipeline\\Pipeline->Illuminate\\Pipeline\\{closure}(Object(Illuminate\\Http\\Request))
#48 C:\\Users\\EMMANUEL\\progweb\\ModeMakers\\modelmakers\\vendor\\laravel\\framework\\src\\Illuminate\\Pipeline\\Pipeline.php(183): Illuminate\\Foundation\\Http\\Middleware\\InvokeDeferredCallbacks->handle(Object(Illuminate\\Http\\Request), Object(Closure))
#49 C:\\Users\\EMMANUEL\\progweb\\ModeMakers\\modelmakers\\vendor\\laravel\\framework\\src\\Illuminate\\Pipeline\\Pipeline.php(119): Illuminate\\Pipeline\\Pipeline->Illuminate\\Pipeline\\{closure}(Object(Illuminate\\Http\\Request))
#50 C:\\Users\\EMMANUEL\\progweb\\ModeMakers\\modelmakers\\vendor\\laravel\\framework\\src\\Illuminate\\Foundation\\Http\\Kernel.php(176): Illuminate\\Pipeline\\Pipeline->then(Object(Closure))
#51 C:\\Users\\EMMANUEL\\progweb\\ModeMakers\\modelmakers\\vendor\\laravel\\framework\\src\\Illuminate\\Foundation\\Http\\Kernel.php(145): Illuminate\\Foundation\\Http\\Kernel->sendRequestThroughRouter(Object(Illuminate\\Http\\Request))
#52 C:\\Users\\EMMANUEL\\progweb\\ModeMakers\\modelmakers\\vendor\\laravel\\framework\\src\\Illuminate\\Foundation\\Application.php(1190): Illuminate\\Foundation\\Http\\Kernel->handle(Object(Illuminate\\Http\\Request))
#53 C:\\Users\\EMMANUEL\\progweb\\ModeMakers\\modelmakers\\public\\index.php(17): Illuminate\\Foundation\\Application->handleRequest(Object(Illuminate\\Http\\Request))
#54 C:\\Users\\EMMANUEL\\progweb\\ModeMakers\\modelmakers\\vendor\\laravel\\framework\\src\\Illuminate\\Foundation\\resources\\server.php(23): require_once('C:\\\\Users\\\\EMMANU...')
#55 {main}
"} 
[2024-12-22 03:34:19] local.ERROR: The parameter `return_url` cannot be passed when creating a PaymentIntent unless `confirm` is set to true. {"exception":"[object] (Stripe\\Exception\\InvalidRequestException(code: 0): The parameter `return_url` cannot be passed when creating a PaymentIntent unless `confirm` is set to true. at C:\\Users\\EMMANUEL\\progweb\\ModeMakers\\modelmakers\\vendor\\stripe\\stripe-php\\lib\\Exception\\ApiErrorException.php:38)
[stacktrace]
#0 C:\\Users\\EMMANUEL\\progweb\\ModeMakers\\modelmakers\\vendor\\stripe\\stripe-php\\lib\\Exception\\InvalidRequestException.php(35): Stripe\\Exception\\ApiErrorException::factory('The parameter `...', 400, '{\\n  \"error\": {\\n...', Array, Object(Stripe\\Util\\CaseInsensitiveArray), 'payment_intent_...')
#1 C:\\Users\\EMMANUEL\\progweb\\ModeMakers\\modelmakers\\vendor\\stripe\\stripe-php\\lib\\ApiRequestor.php(230): Stripe\\Exception\\InvalidRequestException::factory('The parameter `...', 400, '{\\n  \"error\": {\\n...', Array, Object(Stripe\\Util\\CaseInsensitiveArray), 'payment_intent_...', NULL)
#2 C:\\Users\\EMMANUEL\\progweb\\ModeMakers\\modelmakers\\vendor\\stripe\\stripe-php\\lib\\ApiRequestor.php(191): Stripe\\ApiRequestor::_specificV1APIError('{\\n  \"error\": {\\n...', 400, Object(Stripe\\Util\\CaseInsensitiveArray), Array, Array)
#3 C:\\Users\\EMMANUEL\\progweb\\ModeMakers\\modelmakers\\vendor\\stripe\\stripe-php\\lib\\ApiRequestor.php(637): Stripe\\ApiRequestor->handleErrorResponse('{\\n  \"error\": {\\n...', 400, Object(Stripe\\Util\\CaseInsensitiveArray), Array, 'v1')
#4 C:\\Users\\EMMANUEL\\progweb\\ModeMakers\\modelmakers\\vendor\\stripe\\stripe-php\\lib\\ApiRequestor.php(136): Stripe\\ApiRequestor->_interpretResponse('{\\n  \"error\": {\\n...', 400, Object(Stripe\\Util\\CaseInsensitiveArray), 'v1')
#5 C:\\Users\\EMMANUEL\\progweb\\ModeMakers\\modelmakers\\vendor\\stripe\\stripe-php\\lib\\ApiOperations\\Request.php(111): Stripe\\ApiRequestor->request('post', '/v1/payment_int...', Array, Array, 'v1', Array)
#6 C:\\Users\\EMMANUEL\\progweb\\ModeMakers\\modelmakers\\vendor\\stripe\\stripe-php\\lib\\PaymentIntent.php(118): Stripe\\ApiResource::_staticRequest('post', '/v1/payment_int...', Array, NULL)
#7 C:\\Users\\EMMANUEL\\progweb\\ModeMakers\\modelmakers\\app\\Http\\Controllers\\StripeController.php(29): Stripe\\PaymentIntent::create(Array)
#8 C:\\Users\\EMMANUEL\\progweb\\ModeMakers\\modelmakers\\vendor\\laravel\\framework\\src\\Illuminate\\Routing\\ControllerDispatcher.php(47): App\\Http\\Controllers\\StripeController->processPayment(Object(Illuminate\\Http\\Request))
#9 C:\\Users\\EMMANUEL\\progweb\\ModeMakers\\modelmakers\\vendor\\laravel\\framework\\src\\Illuminate\\Routing\\Route.php(266): Illuminate\\Routing\\ControllerDispatcher->dispatch(Object(Illuminate\\Routing\\Route), Object(App\\Http\\Controllers\\StripeController), 'processPayment')
#10 C:\\Users\\EMMANUEL\\progweb\\ModeMakers\\modelmakers\\vendor\\laravel\\framework\\src\\Illuminate\\Routing\\Route.php(212): Illuminate\\Routing\\Route->runController()
#11 C:\\Users\\EMMANUEL\\progweb\\ModeMakers\\modelmakers\\vendor\\laravel\\framework\\src\\Illuminate\\Routing\\Router.php(808): Illuminate\\Routing\\Route->run()
#12 C:\\Users\\EMMANUEL\\progweb\\ModeMakers\\modelmakers\\vendor\\laravel\\framework\\src\\Illuminate\\Pipeline\\Pipeline.php(144): Illuminate\\Routing\\Router->Illuminate\\Routing\\{closure}(Object(Illuminate\\Http\\Request))
#13 C:\\Users\\EMMANUEL\\progweb\\ModeMakers\\modelmakers\\vendor\\laravel\\framework\\src\\Illuminate\\Routing\\Middleware\\SubstituteBindings.php(51): Illuminate\\Pipeline\\Pipeline->Illuminate\\Pipeline\\{closure}(Object(Illuminate\\Http\\Request))
#14 C:\\Users\\EMMANUEL\\progweb\\ModeMakers\\modelmakers\\vendor\\laravel\\framework\\src\\Illuminate\\Pipeline\\Pipeline.php(183): Illuminate\\Routing\\Middleware\\SubstituteBindings->handle(Object(Illuminate\\Http\\Request), Object(Closure))
#15 C:\\Users\\EMMANUEL\\progweb\\ModeMakers\\modelmakers\\vendor\\laravel\\framework\\src\\Illuminate\\Foundation\\Http\\Middleware\\VerifyCsrfToken.php(88): Illuminate\\Pipeline\\Pipeline->Illuminate\\Pipeline\\{closure}(Object(Illuminate\\Http\\Request))
#16 C:\\Users\\EMMANUEL\\progweb\\ModeMakers\\modelmakers\\vendor\\laravel\\framework\\src\\Illuminate\\Pipeline\\Pipeline.php(183): Illuminate\\Foundation\\Http\\Middleware\\VerifyCsrfToken->handle(Object(Illuminate\\Http\\Request), Object(Closure))
#17 C:\\Users\\EMMANUEL\\progweb\\ModeMakers\\modelmakers\\vendor\\laravel\\framework\\src\\Illuminate\\View\\Middleware\\ShareErrorsFromSession.php(49): Illuminate\\Pipeline\\Pipeline->Illuminate\\Pipeline\\{closure}(Object(Illuminate\\Http\\Request))
#18 C:\\Users\\EMMANUEL\\progweb\\ModeMakers\\modelmakers\\vendor\\laravel\\framework\\src\\Illuminate\\Pipeline\\Pipeline.php(183): Illuminate\\View\\Middleware\\ShareErrorsFromSession->handle(Object(Illuminate\\Http\\Request), Object(Closure))
#19 C:\\Users\\EMMANUEL\\progweb\\ModeMakers\\modelmakers\\vendor\\laravel\\framework\\src\\Illuminate\\Session\\Middleware\\StartSession.php(121): Illuminate\\Pipeline\\Pipeline->Illuminate\\Pipeline\\{closure}(Object(Illuminate\\Http\\Request))
#20 C:\\Users\\EMMANUEL\\progweb\\ModeMakers\\modelmakers\\vendor\\laravel\\framework\\src\\Illuminate\\Session\\Middleware\\StartSession.php(64): Illuminate\\Session\\Middleware\\StartSession->handleStatefulRequest(Object(Illuminate\\Http\\Request), Object(Illuminate\\Session\\Store), Object(Closure))
#21 C:\\Users\\EMMANUEL\\progweb\\ModeMakers\\modelmakers\\vendor\\laravel\\framework\\src\\Illuminate\\Pipeline\\Pipeline.php(183): Illuminate\\Session\\Middleware\\StartSession->handle(Object(Illuminate\\Http\\Request), Object(Closure))
#22 C:\\Users\\EMMANUEL\\progweb\\ModeMakers\\modelmakers\\vendor\\laravel\\framework\\src\\Illuminate\\Cookie\\Middleware\\AddQueuedCookiesToResponse.php(37): Illuminate\\Pipeline\\Pipeline->Illuminate\\Pipeline\\{closure}(Object(Illuminate\\Http\\Request))
#23 C:\\Users\\EMMANUEL\\progweb\\ModeMakers\\modelmakers\\vendor\\laravel\\framework\\src\\Illuminate\\Pipeline\\Pipeline.php(183): Illuminate\\Cookie\\Middleware\\AddQueuedCookiesToResponse->handle(Object(Illuminate\\Http\\Request), Object(Closure))
#24 C:\\Users\\EMMANUEL\\progweb\\ModeMakers\\modelmakers\\vendor\\laravel\\framework\\src\\Illuminate\\Cookie\\Middleware\\EncryptCookies.php(75): Illuminate\\Pipeline\\Pipeline->Illuminate\\Pipeline\\{closure}(Object(Illuminate\\Http\\Request))
#25 C:\\Users\\EMMANUEL\\progweb\\ModeMakers\\modelmakers\\vendor\\laravel\\framework\\src\\Illuminate\\Pipeline\\Pipeline.php(183): Illuminate\\Cookie\\Middleware\\EncryptCookies->handle(Object(Illuminate\\Http\\Request), Object(Closure))
#26 C:\\Users\\EMMANUEL\\progweb\\ModeMakers\\modelmakers\\vendor\\laravel\\framework\\src\\Illuminate\\Pipeline\\Pipeline.php(119): Illuminate\\Pipeline\\Pipeline->Illuminate\\Pipeline\\{closure}(Object(Illuminate\\Http\\Request))
#27 C:\\Users\\EMMANUEL\\progweb\\ModeMakers\\modelmakers\\vendor\\laravel\\framework\\src\\Illuminate\\Routing\\Router.php(807): Illuminate\\Pipeline\\Pipeline->then(Object(Closure))
#28 C:\\Users\\EMMANUEL\\progweb\\ModeMakers\\modelmakers\\vendor\\laravel\\framework\\src\\Illuminate\\Routing\\Router.php(786): Illuminate\\Routing\\Router->runRouteWithinStack(Object(Illuminate\\Routing\\Route), Object(Illuminate\\Http\\Request))
#29 C:\\Users\\EMMANUEL\\progweb\\ModeMakers\\modelmakers\\vendor\\laravel\\framework\\src\\Illuminate\\Routing\\Router.php(750): Illuminate\\Routing\\Router->runRoute(Object(Illuminate\\Http\\Request), Object(Illuminate\\Routing\\Route))
#30 C:\\Users\\EMMANUEL\\progweb\\ModeMakers\\modelmakers\\vendor\\laravel\\framework\\src\\Illuminate\\Routing\\Router.php(739): Illuminate\\Routing\\Router->dispatchToRoute(Object(Illuminate\\Http\\Request))
#31 C:\\Users\\EMMANUEL\\progweb\\ModeMakers\\modelmakers\\vendor\\laravel\\framework\\src\\Illuminate\\Foundation\\Http\\Kernel.php(201): Illuminate\\Routing\\Router->dispatch(Object(Illuminate\\Http\\Request))
#32 C:\\Users\\EMMANUEL\\progweb\\ModeMakers\\modelmakers\\vendor\\laravel\\framework\\src\\Illuminate\\Pipeline\\Pipeline.php(144): Illuminate\\Foundation\\Http\\Kernel->Illuminate\\Foundation\\Http\\{closure}(Object(Illuminate\\Http\\Request))
#33 C:\\Users\\EMMANUEL\\progweb\\ModeMakers\\modelmakers\\vendor\\laravel\\framework\\src\\Illuminate\\Foundation\\Http\\Middleware\\TransformsRequest.php(21): Illuminate\\Pipeline\\Pipeline->Illuminate\\Pipeline\\{closure}(Object(Illuminate\\Http\\Request))
#34 C:\\Users\\EMMANUEL\\progweb\\ModeMakers\\modelmakers\\vendor\\laravel\\framework\\src\\Illuminate\\Foundation\\Http\\Middleware\\ConvertEmptyStringsToNull.php(31): Illuminate\\Foundation\\Http\\Middleware\\TransformsRequest->handle(Object(Illuminate\\Http\\Request), Object(Closure))
#35 C:\\Users\\EMMANUEL\\progweb\\ModeMakers\\modelmakers\\vendor\\laravel\\framework\\src\\Illuminate\\Pipeline\\Pipeline.php(183): Illuminate\\Foundation\\Http\\Middleware\\ConvertEmptyStringsToNull->handle(Object(Illuminate\\Http\\Request), Object(Closure))
#36 C:\\Users\\EMMANUEL\\progweb\\ModeMakers\\modelmakers\\vendor\\laravel\\framework\\src\\Illuminate\\Foundation\\Http\\Middleware\\TransformsRequest.php(21): Illuminate\\Pipeline\\Pipeline->Illuminate\\Pipeline\\{closure}(Object(Illuminate\\Http\\Request))
#37 C:\\Users\\EMMANUEL\\progweb\\ModeMakers\\modelmakers\\vendor\\laravel\\framework\\src\\Illuminate\\Foundation\\Http\\Middleware\\TrimStrings.php(51): Illuminate\\Foundation\\Http\\Middleware\\TransformsRequest->handle(Object(Illuminate\\Http\\Request), Object(Closure))
#38 C:\\Users\\EMMANUEL\\progweb\\ModeMakers\\modelmakers\\vendor\\laravel\\framework\\src\\Illuminate\\Pipeline\\Pipeline.php(183): Illuminate\\Foundation\\Http\\Middleware\\TrimStrings->handle(Object(Illuminate\\Http\\Request), Object(Closure))
#39 C:\\Users\\EMMANUEL\\progweb\\ModeMakers\\modelmakers\\vendor\\laravel\\framework\\src\\Illuminate\\Http\\Middleware\\ValidatePostSize.php(27): Illuminate\\Pipeline\\Pipeline->Illuminate\\Pipeline\\{closure}(Object(Illuminate\\Http\\Request))
#40 C:\\Users\\EMMANUEL\\progweb\\ModeMakers\\modelmakers\\vendor\\laravel\\framework\\src\\Illuminate\\Pipeline\\Pipeline.php(183): Illuminate\\Http\\Middleware\\ValidatePostSize->handle(Object(Illuminate\\Http\\Request), Object(Closure))
#41 C:\\Users\\EMMANUEL\\progweb\\ModeMakers\\modelmakers\\vendor\\laravel\\framework\\src\\Illuminate\\Foundation\\Http\\Middleware\\PreventRequestsDuringMaintenance.php(110): Illuminate\\Pipeline\\Pipeline->Illuminate\\Pipeline\\{closure}(Object(Illuminate\\Http\\Request))
#42 C:\\Users\\EMMANUEL\\progweb\\ModeMakers\\modelmakers\\vendor\\laravel\\framework\\src\\Illuminate\\Pipeline\\Pipeline.php(183): Illuminate\\Foundation\\Http\\Middleware\\PreventRequestsDuringMaintenance->handle(Object(Illuminate\\Http\\Request), Object(Closure))
#43 C:\\Users\\EMMANUEL\\progweb\\ModeMakers\\modelmakers\\vendor\\laravel\\framework\\src\\Illuminate\\Http\\Middleware\\HandleCors.php(49): Illuminate\\Pipeline\\Pipeline->Illuminate\\Pipeline\\{closure}(Object(Illuminate\\Http\\Request))
#44 C:\\Users\\EMMANUEL\\progweb\\ModeMakers\\modelmakers\\vendor\\laravel\\framework\\src\\Illuminate\\Pipeline\\Pipeline.php(183): Illuminate\\Http\\Middleware\\HandleCors->handle(Object(Illuminate\\Http\\Request), Object(Closure))
#45 C:\\Users\\EMMANUEL\\progweb\\ModeMakers\\modelmakers\\vendor\\laravel\\framework\\src\\Illuminate\\Http\\Middleware\\TrustProxies.php(58): Illuminate\\Pipeline\\Pipeline->Illuminate\\Pipeline\\{closure}(Object(Illuminate\\Http\\Request))
#46 C:\\Users\\EMMANUEL\\progweb\\ModeMakers\\modelmakers\\vendor\\laravel\\framework\\src\\Illuminate\\Pipeline\\Pipeline.php(183): Illuminate\\Http\\Middleware\\TrustProxies->handle(Object(Illuminate\\Http\\Request), Object(Closure))
#47 C:\\Users\\EMMANUEL\\progweb\\ModeMakers\\modelmakers\\vendor\\laravel\\framework\\src\\Illuminate\\Foundation\\Http\\Middleware\\InvokeDeferredCallbacks.php(22): Illuminate\\Pipeline\\Pipeline->Illuminate\\Pipeline\\{closure}(Object(Illuminate\\Http\\Request))
#48 C:\\Users\\EMMANUEL\\progweb\\ModeMakers\\modelmakers\\vendor\\laravel\\framework\\src\\Illuminate\\Pipeline\\Pipeline.php(183): Illuminate\\Foundation\\Http\\Middleware\\InvokeDeferredCallbacks->handle(Object(Illuminate\\Http\\Request), Object(Closure))
#49 C:\\Users\\EMMANUEL\\progweb\\ModeMakers\\modelmakers\\vendor\\laravel\\framework\\src\\Illuminate\\Pipeline\\Pipeline.php(119): Illuminate\\Pipeline\\Pipeline->Illuminate\\Pipeline\\{closure}(Object(Illuminate\\Http\\Request))
#50 C:\\Users\\EMMANUEL\\progweb\\ModeMakers\\modelmakers\\vendor\\laravel\\framework\\src\\Illuminate\\Foundation\\Http\\Kernel.php(176): Illuminate\\Pipeline\\Pipeline->then(Object(Closure))
#51 C:\\Users\\EMMANUEL\\progweb\\ModeMakers\\modelmakers\\vendor\\laravel\\framework\\src\\Illuminate\\Foundation\\Http\\Kernel.php(145): Illuminate\\Foundation\\Http\\Kernel->sendRequestThroughRouter(Object(Illuminate\\Http\\Request))
#52 C:\\Users\\EMMANUEL\\progweb\\ModeMakers\\modelmakers\\vendor\\laravel\\framework\\src\\Illuminate\\Foundation\\Application.php(1190): Illuminate\\Foundation\\Http\\Kernel->handle(Object(Illuminate\\Http\\Request))
#53 C:\\Users\\EMMANUEL\\progweb\\ModeMakers\\modelmakers\\public\\index.php(17): Illuminate\\Foundation\\Application->handleRequest(Object(Illuminate\\Http\\Request))
#54 C:\\Users\\EMMANUEL\\progweb\\ModeMakers\\modelmakers\\vendor\\laravel\\framework\\src\\Illuminate\\Foundation\\resources\\server.php(23): require_once('C:\\\\Users\\\\EMMANU...')
#55 {main}
"} 
[2024-12-22 06:15:34] local.ERROR: Call to undefined method App\Providers\AppServiceProvider::configureRateLimiting() {"exception":"[object] (Error(code: 0): Call to undefined method App\\Providers\\AppServiceProvider::configureRateLimiting() at C:\\Users\\EMMANUEL\\progweb\\ModeMakers\\modelmakers\\app\\Providers\\AppServiceProvider.php:22)
[stacktrace]
#0 C:\\Users\\EMMANUEL\\progweb\\ModeMakers\\modelmakers\\vendor\\laravel\\framework\\src\\Illuminate\\Container\\BoundMethod.php(36): App\\Providers\\AppServiceProvider->boot()
#1 C:\\Users\\EMMANUEL\\progweb\\ModeMakers\\modelmakers\\vendor\\laravel\\framework\\src\\Illuminate\\Container\\Util.php(43): Illuminate\\Container\\BoundMethod::Illuminate\\Container\\{closure}()
#2 C:\\Users\\EMMANUEL\\progweb\\ModeMakers\\modelmakers\\vendor\\laravel\\framework\\src\\Illuminate\\Container\\BoundMethod.php(95): Illuminate\\Container\\Util::unwrapIfClosure(Object(Closure))
#3 C:\\Users\\EMMANUEL\\progweb\\ModeMakers\\modelmakers\\vendor\\laravel\\framework\\src\\Illuminate\\Container\\BoundMethod.php(35): Illuminate\\Container\\BoundMethod::callBoundMethod(Object(Illuminate\\Foundation\\Application), Array, Object(Closure))
#4 C:\\Users\\EMMANUEL\\progweb\\ModeMakers\\modelmakers\\vendor\\laravel\\framework\\src\\Illuminate\\Container\\Container.php(694): Illuminate\\Container\\BoundMethod::call(Object(Illuminate\\Foundation\\Application), Array, Array, NULL)
#5 C:\\Users\\EMMANUEL\\progweb\\ModeMakers\\modelmakers\\vendor\\laravel\\framework\\src\\Illuminate\\Foundation\\Application.php(1121): Illuminate\\Container\\Container->call(Array)
#6 C:\\Users\\EMMANUEL\\progweb\\ModeMakers\\modelmakers\\vendor\\laravel\\framework\\src\\Illuminate\\Foundation\\Application.php(1102): Illuminate\\Foundation\\Application->bootProvider(Object(App\\Providers\\AppServiceProvider))
#7 [internal function]: Illuminate\\Foundation\\Application->Illuminate\\Foundation\\{closure}(Object(App\\Providers\\AppServiceProvider), 'App\\\\Providers\\\\A...')
#8 C:\\Users\\EMMANUEL\\progweb\\ModeMakers\\modelmakers\\vendor\\laravel\\framework\\src\\Illuminate\\Foundation\\Application.php(1101): array_walk(Array, Object(Closure))
#9 C:\\Users\\EMMANUEL\\progweb\\ModeMakers\\modelmakers\\vendor\\laravel\\framework\\src\\Illuminate\\Foundation\\Bootstrap\\BootProviders.php(17): Illuminate\\Foundation\\Application->boot()
#10 C:\\Users\\EMMANUEL\\progweb\\ModeMakers\\modelmakers\\vendor\\laravel\\framework\\src\\Illuminate\\Foundation\\Application.php(316): Illuminate\\Foundation\\Bootstrap\\BootProviders->bootstrap(Object(Illuminate\\Foundation\\Application))
#11 C:\\Users\\EMMANUEL\\progweb\\ModeMakers\\modelmakers\\vendor\\laravel\\framework\\src\\Illuminate\\Foundation\\Console\\Kernel.php(474): Illuminate\\Foundation\\Application->bootstrapWith(Array)
#12 C:\\Users\\EMMANUEL\\progweb\\ModeMakers\\modelmakers\\vendor\\laravel\\framework\\src\\Illuminate\\Foundation\\Console\\Kernel.php(196): Illuminate\\Foundation\\Console\\Kernel->bootstrap()
#13 C:\\Users\\EMMANUEL\\progweb\\ModeMakers\\modelmakers\\vendor\\laravel\\framework\\src\\Illuminate\\Foundation\\Application.php(1205): Illuminate\\Foundation\\Console\\Kernel->handle(Object(Symfony\\Component\\Console\\Input\\ArgvInput), Object(Symfony\\Component\\Console\\Output\\ConsoleOutput))
#14 C:\\Users\\EMMANUEL\\progweb\\ModeMakers\\modelmakers\\artisan(13): Illuminate\\Foundation\\Application->handleCommand(Object(Symfony\\Component\\Console\\Input\\ArgvInput))
#15 {main}
"} 
[2024-12-22 06:22:34] local.ERROR: Target class [cache.store] does not exist. {"exception":"[object] (Illuminate\\Contracts\\Container\\BindingResolutionException(code: 0): Target class [cache.store] does not exist. at C:\\Users\\EMMANUEL\\progweb\\ModeMakers\\modelmakers\\vendor\\laravel\\framework\\src\\Illuminate\\Container\\Container.php:946)
[stacktrace]
#0 C:\\Users\\EMMANUEL\\progweb\\ModeMakers\\modelmakers\\vendor\\laravel\\framework\\src\\Illuminate\\Container\\Container.php(819): Illuminate\\Container\\Container->build('cache.store')
#1 C:\\Users\\EMMANUEL\\progweb\\ModeMakers\\modelmakers\\vendor\\laravel\\framework\\src\\Illuminate\\Foundation\\Application.php(1048): Illuminate\\Container\\Container->resolve('cache.store', Array, true)
#2 C:\\Users\\EMMANUEL\\progweb\\ModeMakers\\modelmakers\\vendor\\laravel\\framework\\src\\Illuminate\\Container\\Container.php(755): Illuminate\\Foundation\\Application->resolve('cache.store', Array)
#3 C:\\Users\\EMMANUEL\\progweb\\ModeMakers\\modelmakers\\vendor\\laravel\\framework\\src\\Illuminate\\Foundation\\Application.php(1030): Illuminate\\Container\\Container->make('cache.store', Array)
#4 C:\\Users\\EMMANUEL\\progweb\\ModeMakers\\modelmakers\\vendor\\laravel\\framework\\src\\Illuminate\\Container\\Container.php(1118): Illuminate\\Foundation\\Application->make('cache.store')
#5 C:\\Users\\EMMANUEL\\progweb\\ModeMakers\\modelmakers\\vendor\\laravel\\framework\\src\\Illuminate\\Container\\Container.php(1028): Illuminate\\Container\\Container->resolveClass(Object(ReflectionParameter))
#6 C:\\Users\\EMMANUEL\\progweb\\ModeMakers\\modelmakers\\vendor\\laravel\\framework\\src\\Illuminate\\Container\\Container.php(979): Illuminate\\Container\\Container->resolveDependencies(Array)
#7 C:\\Users\\EMMANUEL\\progweb\\ModeMakers\\modelmakers\\vendor\\laravel\\framework\\src\\Illuminate\\Container\\Container.php(819): Illuminate\\Container\\Container->build('Illuminate\\\\Cach...')
#8 C:\\Users\\EMMANUEL\\progweb\\ModeMakers\\modelmakers\\vendor\\laravel\\framework\\src\\Illuminate\\Foundation\\Application.php(1048): Illuminate\\Container\\Container->resolve('Illuminate\\\\Cach...', Array, true)
#9 C:\\Users\\EMMANUEL\\progweb\\ModeMakers\\modelmakers\\vendor\\laravel\\framework\\src\\Illuminate\\Container\\Container.php(755): Illuminate\\Foundation\\Application->resolve('Illuminate\\\\Cach...', Array)
#10 C:\\Users\\EMMANUEL\\progweb\\ModeMakers\\modelmakers\\vendor\\laravel\\framework\\src\\Illuminate\\Foundation\\Application.php(1030): Illuminate\\Container\\Container->make('Illuminate\\\\Cach...', Array)
#11 C:\\Users\\EMMANUEL\\progweb\\ModeMakers\\modelmakers\\vendor\\laravel\\framework\\src\\Illuminate\\Container\\Container.php(1565): Illuminate\\Foundation\\Application->make('Illuminate\\\\Cach...')
#12 C:\\Users\\EMMANUEL\\progweb\\ModeMakers\\modelmakers\\vendor\\laravel\\framework\\src\\Illuminate\\Support\\Facades\\Facade.php(239): Illuminate\\Container\\Container->offsetGet('Illuminate\\\\Cach...')
#13 C:\\Users\\EMMANUEL\\progweb\\ModeMakers\\modelmakers\\vendor\\laravel\\framework\\src\\Illuminate\\Support\\Facades\\Facade.php(210): Illuminate\\Support\\Facades\\Facade::resolveFacadeInstance('Illuminate\\\\Cach...')
#14 C:\\Users\\EMMANUEL\\progweb\\ModeMakers\\modelmakers\\vendor\\laravel\\framework\\src\\Illuminate\\Support\\Facades\\Facade.php(355): Illuminate\\Support\\Facades\\Facade::getFacadeRoot()
#15 C:\\Users\\EMMANUEL\\progweb\\ModeMakers\\modelmakers\\app\\Providers\\RouteServiceProvider.php(50): Illuminate\\Support\\Facades\\Facade::__callStatic('for', Array)
#16 C:\\Users\\EMMANUEL\\progweb\\ModeMakers\\modelmakers\\app\\Providers\\RouteServiceProvider.php(29): App\\Providers\\RouteServiceProvider->configureRateLimiting()
#17 C:\\Users\\EMMANUEL\\progweb\\ModeMakers\\modelmakers\\vendor\\laravel\\framework\\src\\Illuminate\\Container\\BoundMethod.php(36): App\\Providers\\RouteServiceProvider->boot()
#18 C:\\Users\\EMMANUEL\\progweb\\ModeMakers\\modelmakers\\vendor\\laravel\\framework\\src\\Illuminate\\Container\\Util.php(43): Illuminate\\Container\\BoundMethod::Illuminate\\Container\\{closure}()
#19 C:\\Users\\EMMANUEL\\progweb\\ModeMakers\\modelmakers\\vendor\\laravel\\framework\\src\\Illuminate\\Container\\BoundMethod.php(95): Illuminate\\Container\\Util::unwrapIfClosure(Object(Closure))
#20 C:\\Users\\EMMANUEL\\progweb\\ModeMakers\\modelmakers\\vendor\\laravel\\framework\\src\\Illuminate\\Container\\BoundMethod.php(35): Illuminate\\Container\\BoundMethod::callBoundMethod(Object(Illuminate\\Foundation\\Application), Array, Object(Closure))
#21 C:\\Users\\EMMANUEL\\progweb\\ModeMakers\\modelmakers\\vendor\\laravel\\framework\\src\\Illuminate\\Container\\Container.php(694): Illuminate\\Container\\BoundMethod::call(Object(Illuminate\\Foundation\\Application), Array, Array, NULL)
#22 C:\\Users\\EMMANUEL\\progweb\\ModeMakers\\modelmakers\\vendor\\laravel\\framework\\src\\Illuminate\\Foundation\\Application.php(1121): Illuminate\\Container\\Container->call(Array)
#23 C:\\Users\\EMMANUEL\\progweb\\ModeMakers\\modelmakers\\vendor\\laravel\\framework\\src\\Illuminate\\Foundation\\Application.php(1102): Illuminate\\Foundation\\Application->bootProvider(Object(App\\Providers\\RouteServiceProvider))
#24 [internal function]: Illuminate\\Foundation\\Application->Illuminate\\Foundation\\{closure}(Object(App\\Providers\\RouteServiceProvider), 'App\\\\Providers\\\\R...')
#25 C:\\Users\\EMMANUEL\\progweb\\ModeMakers\\modelmakers\\vendor\\laravel\\framework\\src\\Illuminate\\Foundation\\Application.php(1101): array_walk(Array, Object(Closure))
#26 C:\\Users\\EMMANUEL\\progweb\\ModeMakers\\modelmakers\\vendor\\laravel\\framework\\src\\Illuminate\\Foundation\\Bootstrap\\BootProviders.php(17): Illuminate\\Foundation\\Application->boot()
#27 C:\\Users\\EMMANUEL\\progweb\\ModeMakers\\modelmakers\\vendor\\laravel\\framework\\src\\Illuminate\\Foundation\\Application.php(316): Illuminate\\Foundation\\Bootstrap\\BootProviders->bootstrap(Object(Illuminate\\Foundation\\Application))
#28 C:\\Users\\EMMANUEL\\progweb\\ModeMakers\\modelmakers\\vendor\\laravel\\framework\\src\\Illuminate\\Foundation\\Console\\Kernel.php(474): Illuminate\\Foundation\\Application->bootstrapWith(Array)
#29 C:\\Users\\EMMANUEL\\progweb\\ModeMakers\\modelmakers\\vendor\\laravel\\framework\\src\\Illuminate\\Foundation\\Console\\Kernel.php(196): Illuminate\\Foundation\\Console\\Kernel->bootstrap()
#30 C:\\Users\\EMMANUEL\\progweb\\ModeMakers\\modelmakers\\vendor\\laravel\\framework\\src\\Illuminate\\Foundation\\Application.php(1205): Illuminate\\Foundation\\Console\\Kernel->handle(Object(Symfony\\Component\\Console\\Input\\ArgvInput), Object(Symfony\\Component\\Console\\Output\\ConsoleOutput))
#31 C:\\Users\\EMMANUEL\\progweb\\ModeMakers\\modelmakers\\artisan(13): Illuminate\\Foundation\\Application->handleCommand(Object(Symfony\\Component\\Console\\Input\\ArgvInput))
#32 {main}

[previous exception] [object] (ReflectionException(code: -1): Class \"cache.store\" does not exist at C:\\Users\\EMMANUEL\\progweb\\ModeMakers\\modelmakers\\vendor\\laravel\\framework\\src\\Illuminate\\Container\\Container.php:944)
[stacktrace]
#0 C:\\Users\\EMMANUEL\\progweb\\ModeMakers\\modelmakers\\vendor\\laravel\\framework\\src\\Illuminate\\Container\\Container.php(944): ReflectionClass->__construct('cache.store')
#1 C:\\Users\\EMMANUEL\\progweb\\ModeMakers\\modelmakers\\vendor\\laravel\\framework\\src\\Illuminate\\Container\\Container.php(819): Illuminate\\Container\\Container->build('cache.store')
#2 C:\\Users\\EMMANUEL\\progweb\\ModeMakers\\modelmakers\\vendor\\laravel\\framework\\src\\Illuminate\\Foundation\\Application.php(1048): Illuminate\\Container\\Container->resolve('cache.store', Array, true)
#3 C:\\Users\\EMMANUEL\\progweb\\ModeMakers\\modelmakers\\vendor\\laravel\\framework\\src\\Illuminate\\Container\\Container.php(755): Illuminate\\Foundation\\Application->resolve('cache.store', Array)
#4 C:\\Users\\EMMANUEL\\progweb\\ModeMakers\\modelmakers\\vendor\\laravel\\framework\\src\\Illuminate\\Foundation\\Application.php(1030): Illuminate\\Container\\Container->make('cache.store', Array)
#5 C:\\Users\\EMMANUEL\\progweb\\ModeMakers\\modelmakers\\vendor\\laravel\\framework\\src\\Illuminate\\Container\\Container.php(1118): Illuminate\\Foundation\\Application->make('cache.store')
#6 C:\\Users\\EMMANUEL\\progweb\\ModeMakers\\modelmakers\\vendor\\laravel\\framework\\src\\Illuminate\\Container\\Container.php(1028): Illuminate\\Container\\Container->resolveClass(Object(ReflectionParameter))
#7 C:\\Users\\EMMANUEL\\progweb\\ModeMakers\\modelmakers\\vendor\\laravel\\framework\\src\\Illuminate\\Container\\Container.php(979): Illuminate\\Container\\Container->resolveDependencies(Array)
#8 C:\\Users\\EMMANUEL\\progweb\\ModeMakers\\modelmakers\\vendor\\laravel\\framework\\src\\Illuminate\\Container\\Container.php(819): Illuminate\\Container\\Container->build('Illuminate\\\\Cach...')
#9 C:\\Users\\EMMANUEL\\progweb\\ModeMakers\\modelmakers\\vendor\\laravel\\framework\\src\\Illuminate\\Foundation\\Application.php(1048): Illuminate\\Container\\Container->resolve('Illuminate\\\\Cach...', Array, true)
#10 C:\\Users\\EMMANUEL\\progweb\\ModeMakers\\modelmakers\\vendor\\laravel\\framework\\src\\Illuminate\\Container\\Container.php(755): Illuminate\\Foundation\\Application->resolve('Illuminate\\\\Cach...', Array)
#11 C:\\Users\\EMMANUEL\\progweb\\ModeMakers\\modelmakers\\vendor\\laravel\\framework\\src\\Illuminate\\Foundation\\Application.php(1030): Illuminate\\Container\\Container->make('Illuminate\\\\Cach...', Array)
#12 C:\\Users\\EMMANUEL\\progweb\\ModeMakers\\modelmakers\\vendor\\laravel\\framework\\src\\Illuminate\\Container\\Container.php(1565): Illuminate\\Foundation\\Application->make('Illuminate\\\\Cach...')
#13 C:\\Users\\EMMANUEL\\progweb\\ModeMakers\\modelmakers\\vendor\\laravel\\framework\\src\\Illuminate\\Support\\Facades\\Facade.php(239): Illuminate\\Container\\Container->offsetGet('Illuminate\\\\Cach...')
#14 C:\\Users\\EMMANUEL\\progweb\\ModeMakers\\modelmakers\\vendor\\laravel\\framework\\src\\Illuminate\\Support\\Facades\\Facade.php(210): Illuminate\\Support\\Facades\\Facade::resolveFacadeInstance('Illuminate\\\\Cach...')
#15 C:\\Users\\EMMANUEL\\progweb\\ModeMakers\\modelmakers\\vendor\\laravel\\framework\\src\\Illuminate\\Support\\Facades\\Facade.php(355): Illuminate\\Support\\Facades\\Facade::getFacadeRoot()
#16 C:\\Users\\EMMANUEL\\progweb\\ModeMakers\\modelmakers\\app\\Providers\\RouteServiceProvider.php(50): Illuminate\\Support\\Facades\\Facade::__callStatic('for', Array)
#17 C:\\Users\\EMMANUEL\\progweb\\ModeMakers\\modelmakers\\app\\Providers\\RouteServiceProvider.php(29): App\\Providers\\RouteServiceProvider->configureRateLimiting()
#18 C:\\Users\\EMMANUEL\\progweb\\ModeMakers\\modelmakers\\vendor\\laravel\\framework\\src\\Illuminate\\Container\\BoundMethod.php(36): App\\Providers\\RouteServiceProvider->boot()
#19 C:\\Users\\EMMANUEL\\progweb\\ModeMakers\\modelmakers\\vendor\\laravel\\framework\\src\\Illuminate\\Container\\Util.php(43): Illuminate\\Container\\BoundMethod::Illuminate\\Container\\{closure}()
#20 C:\\Users\\EMMANUEL\\progweb\\ModeMakers\\modelmakers\\vendor\\laravel\\framework\\src\\Illuminate\\Container\\BoundMethod.php(95): Illuminate\\Container\\Util::unwrapIfClosure(Object(Closure))
#21 C:\\Users\\EMMANUEL\\progweb\\ModeMakers\\modelmakers\\vendor\\laravel\\framework\\src\\Illuminate\\Container\\BoundMethod.php(35): Illuminate\\Container\\BoundMethod::callBoundMethod(Object(Illuminate\\Foundation\\Application), Array, Object(Closure))
#22 C:\\Users\\EMMANUEL\\progweb\\ModeMakers\\modelmakers\\vendor\\laravel\\framework\\src\\Illuminate\\Container\\Container.php(694): Illuminate\\Container\\BoundMethod::call(Object(Illuminate\\Foundation\\Application), Array, Array, NULL)
#23 C:\\Users\\EMMANUEL\\progweb\\ModeMakers\\modelmakers\\vendor\\laravel\\framework\\src\\Illuminate\\Foundation\\Application.php(1121): Illuminate\\Container\\Container->call(Array)
#24 C:\\Users\\EMMANUEL\\progweb\\ModeMakers\\modelmakers\\vendor\\laravel\\framework\\src\\Illuminate\\Foundation\\Application.php(1102): Illuminate\\Foundation\\Application->bootProvider(Object(App\\Providers\\RouteServiceProvider))
#25 [internal function]: Illuminate\\Foundation\\Application->Illuminate\\Foundation\\{closure}(Object(App\\Providers\\RouteServiceProvider), 'App\\\\Providers\\\\R...')
#26 C:\\Users\\EMMANUEL\\progweb\\ModeMakers\\modelmakers\\vendor\\laravel\\framework\\src\\Illuminate\\Foundation\\Application.php(1101): array_walk(Array, Object(Closure))
#27 C:\\Users\\EMMANUEL\\progweb\\ModeMakers\\modelmakers\\vendor\\laravel\\framework\\src\\Illuminate\\Foundation\\Bootstrap\\BootProviders.php(17): Illuminate\\Foundation\\Application->boot()
#28 C:\\Users\\EMMANUEL\\progweb\\ModeMakers\\modelmakers\\vendor\\laravel\\framework\\src\\Illuminate\\Foundation\\Application.php(316): Illuminate\\Foundation\\Bootstrap\\BootProviders->bootstrap(Object(Illuminate\\Foundation\\Application))
#29 C:\\Users\\EMMANUEL\\progweb\\ModeMakers\\modelmakers\\vendor\\laravel\\framework\\src\\Illuminate\\Foundation\\Console\\Kernel.php(474): Illuminate\\Foundation\\Application->bootstrapWith(Array)
#30 C:\\Users\\EMMANUEL\\progweb\\ModeMakers\\modelmakers\\vendor\\laravel\\framework\\src\\Illuminate\\Foundation\\Console\\Kernel.php(196): Illuminate\\Foundation\\Console\\Kernel->bootstrap()
#31 C:\\Users\\EMMANUEL\\progweb\\ModeMakers\\modelmakers\\vendor\\laravel\\framework\\src\\Illuminate\\Foundation\\Application.php(1205): Illuminate\\Foundation\\Console\\Kernel->handle(Object(Symfony\\Component\\Console\\Input\\ArgvInput), Object(Symfony\\Component\\Console\\Output\\ConsoleOutput))
#32 C:\\Users\\EMMANUEL\\progweb\\ModeMakers\\modelmakers\\artisan(13): Illuminate\\Foundation\\Application->handleCommand(Object(Symfony\\Component\\Console\\Input\\ArgvInput))
#33 {main}
"} 
